Archive member included to satisfy reference by file (symbol)

.\CortexM3\ARM_GCC_541\Debug\Opgave1_I2C.a(CyLib.o)
                              .\CortexM3\ARM_GCC_541\Debug\Cm3Start.o (CyHalt)
.\CortexM3\ARM_GCC_541\Debug\Opgave1_I2C.a(cyPm.o)
                              .\CortexM3\ARM_GCC_541\Debug\Opgave1_I2C.a(CyLib.o) (CyPmReadStatus)
.\CortexM3\ARM_GCC_541\Debug\Opgave1_I2C.a(UART_CT.o)
                              .\CortexM3\ARM_GCC_541\Debug\main.o (UART_CT_Start)
.\CortexM3\ARM_GCC_541\Debug\Opgave1_I2C.a(isr_UART_CT.o)
                              .\CortexM3\ARM_GCC_541\Debug\main.o (isr_UART_CT_StartEx)
.\CortexM3\ARM_GCC_541\Debug\Opgave1_I2C.a(UART_CT_IntClock.o)
                              .\CortexM3\ARM_GCC_541\Debug\Opgave1_I2C.a(UART_CT.o) (UART_CT_IntClock_Start)
.\CortexM3\ARM_GCC_541\Debug\Opgave1_I2C.a(I2C_M_MASTER.o)
                              .\CortexM3\ARM_GCC_541\Debug\main.o (I2C_M_MasterSendStart)
.\CortexM3\ARM_GCC_541\Debug\Opgave1_I2C.a(CyBootAsmGnu.o)
                              .\CortexM3\ARM_GCC_541\Debug\cyfitter_cfg.o (CyDelayCycles)
.\CortexM3\ARM_GCC_541\Debug\Opgave1_I2C.a(CyFlash.o)
                              .\CortexM3\ARM_GCC_541\Debug\Opgave1_I2C.a(cyPm.o) (CyFlash_SetWaitCycles)
.\CortexM3\ARM_GCC_541\Debug\Opgave1_I2C.a(CySpc.o)
                              .\CortexM3\ARM_GCC_541\Debug\Opgave1_I2C.a(CyFlash.o) (CySpcStart)
.\CortexM3\ARM_GCC_541\Debug\Opgave1_I2C.a(I2C_M.o)
                              .\CortexM3\ARM_GCC_541\Debug\Opgave1_I2C.a(I2C_M_MASTER.o) (I2C_M_state)
.\CortexM3\ARM_GCC_541\Debug\Opgave1_I2C.a(I2C_M_INT.o)
                              .\CortexM3\ARM_GCC_541\Debug\Opgave1_I2C.a(I2C_M.o) (I2C_M_ISR)
s:/program files (x86)/cypress/psoc creator/4.4/psoc creator/import/gnu/arm/5.4.1/bin/../lib/gcc/arm-none-eabi/5.4.1/armv7-m\libgcc.a(_arm_addsubdf3.o)
                              .\CortexM3\ARM_GCC_541\Debug\CustomPrint.o (__aeabi_f2d)
s:/program files (x86)/cypress/psoc creator/4.4/psoc creator/import/gnu/arm/5.4.1/bin/../lib/gcc/arm-none-eabi/5.4.1/../../../../arm-none-eabi/lib/armv7-m\libg_nano.a(lib_a-errno.o)
                              .\CortexM3\ARM_GCC_541\Debug\Cm3Start.o (__errno)
s:/program files (x86)/cypress/psoc creator/4.4/psoc creator/import/gnu/arm/5.4.1/bin/../lib/gcc/arm-none-eabi/5.4.1/../../../../arm-none-eabi/lib/armv7-m\libg_nano.a(lib_a-exit.o)
                              s:/program files (x86)/cypress/psoc creator/4.4/psoc creator/import/gnu/arm/5.4.1/bin/../lib/gcc/arm-none-eabi/5.4.1/../../../../arm-none-eabi/lib/armv7-m/crt0.o (exit)
s:/program files (x86)/cypress/psoc creator/4.4/psoc creator/import/gnu/arm/5.4.1/bin/../lib/gcc/arm-none-eabi/5.4.1/../../../../arm-none-eabi/lib/armv7-m\libg_nano.a(lib_a-impure.o)
                              s:/program files (x86)/cypress/psoc creator/4.4/psoc creator/import/gnu/arm/5.4.1/bin/../lib/gcc/arm-none-eabi/5.4.1/../../../../arm-none-eabi/lib/armv7-m\libg_nano.a(lib_a-exit.o) (_global_impure_ptr)
s:/program files (x86)/cypress/psoc creator/4.4/psoc creator/import/gnu/arm/5.4.1/bin/../lib/gcc/arm-none-eabi/5.4.1/../../../../arm-none-eabi/lib/armv7-m\libg_nano.a(lib_a-init.o)
                              s:/program files (x86)/cypress/psoc creator/4.4/psoc creator/import/gnu/arm/5.4.1/bin/../lib/gcc/arm-none-eabi/5.4.1/../../../../arm-none-eabi/lib/armv7-m/crt0.o (__libc_init_array)
s:/program files (x86)/cypress/psoc creator/4.4/psoc creator/import/gnu/arm/5.4.1/bin/../lib/gcc/arm-none-eabi/5.4.1/../../../../arm-none-eabi/lib/armv7-m\libg_nano.a(lib_a-memcpy-stub.o)
                              .\CortexM3\ARM_GCC_541\Debug\cyfitter_cfg.o (memcpy)
s:/program files (x86)/cypress/psoc creator/4.4/psoc creator/import/gnu/arm/5.4.1/bin/../lib/gcc/arm-none-eabi/5.4.1/../../../../arm-none-eabi/lib/armv7-m\libg_nano.a(lib_a-memset.o)
                              s:/program files (x86)/cypress/psoc creator/4.4/psoc creator/import/gnu/arm/5.4.1/bin/../lib/gcc/arm-none-eabi/5.4.1/../../../../arm-none-eabi/lib/armv7-m/crt0.o (memset)
s:/program files (x86)/cypress/psoc creator/4.4/psoc creator/import/gnu/arm/5.4.1/bin/../lib/gcc/arm-none-eabi/5.4.1/../../../../arm-none-eabi/lib/armv7-m\libg_nano.a(lib_a-snprintf.o)
                              .\CortexM3\ARM_GCC_541\Debug\CustomPrint.o (snprintf)
s:/program files (x86)/cypress/psoc creator/4.4/psoc creator/import/gnu/arm/5.4.1/bin/../lib/gcc/arm-none-eabi/5.4.1/../../../../arm-none-eabi/lib/armv7-m\libg_nano.a(lib_a-nano-svfprintf.o)
                              s:/program files (x86)/cypress/psoc creator/4.4/psoc creator/import/gnu/arm/5.4.1/bin/../lib/gcc/arm-none-eabi/5.4.1/../../../../arm-none-eabi/lib/armv7-m\libg_nano.a(lib_a-snprintf.o) (_svfprintf_r)
s:/program files (x86)/cypress/psoc creator/4.4/psoc creator/import/gnu/arm/5.4.1/bin/../lib/gcc/arm-none-eabi/5.4.1/../../../../arm-none-eabi/lib/armv7-m\libg_nano.a(lib_a-nano-vfprintf_i.o)
[...]
Memory Configuration

Name             Origin             Length             Attributes
rom              0x00000000         0x00040000         xr
ram              0x1fff8000         0x00010000         xrw
*default*        0x00000000         0xffffffff

Linker script and memory map

LOAD s:/program files (x86)/cypress/psoc creator/4.4/psoc creator/import/gnu/arm/5.4.1/bin/../lib/gcc/arm-none-eabi/5.4.1/armv7-m/crti.o
LOAD s:/program files (x86)/cypress/psoc creator/4.4/psoc creator/import/gnu/arm/5.4.1/bin/../lib/gcc/arm-none-eabi/5.4.1/armv7-m/crtbegin.o
LOAD s:/program files (x86)/cypress/psoc creator/4.4/psoc creator/import/gnu/arm/5.4.1/bin/../lib/gcc/arm-none-eabi/5.4.1/../../../../arm-none-eabi/lib/armv7-m/crt0.o
START GROUP
LOAD .\CortexM3\ARM_GCC_541\Debug\main.o
LOAD .\CortexM3\ARM_GCC_541\Debug\CustomPrint.o
LOAD .\CortexM3\ARM_GCC_541\Debug\cyfitter_cfg.o
LOAD .\CortexM3\ARM_GCC_541\Debug\cymetadata.o
LOAD .\CortexM3\ARM_GCC_541\Debug\Cm3Start.o
LOAD .\CortexM3\ARM_GCC_541\Debug\Opgave1_I2C.a
LOAD S:\Program Files (x86)\Cypress\PSoC Creator\4.4\PSoC Creator\psoc\content\cycomponentlibrary\CyComponentLibrary.cylib\CortexM3\ARM_GCC_541\Debug\CyComponentLibrary.a
END GROUP
START GROUP
LOAD s:/program files (x86)/cypress/psoc creator/4.4/psoc creator/import/gnu/arm/5.4.1/bin/../lib/gcc/arm-none-eabi/5.4.1/armv7-m\libgcc.a
LOAD s:/program files (x86)/cypress/psoc creator/4.4/psoc creator/import/gnu/arm/5.4.1/bin/../lib/gcc/arm-none-eabi/5.4.1/../../../../arm-none-eabi/lib/armv7-m\libg_nano.a
LOAD s:/program files (x86)/cypress/psoc creator/4.4/psoc creator/import/gnu/arm/5.4.1/bin/../lib/gcc/arm-none-eabi/5.4.1/../../../../arm-none-eabi/lib/armv7-m\libc_nano.a
END GROUP
START GROUP
LOAD s:/program files (x86)/cypress/psoc creator/4.4/psoc creator/import/gnu/arm/5.4.1/bin/../lib/gcc/arm-none-eabi/5.4.1/armv7-m\libgcc.a
LOAD s:/program files (x86)/cypress/psoc creator/4.4/psoc creator/import/gnu/arm/5.4.1/bin/../lib/gcc/arm-none-eabi/5.4.1/../../../../arm-none-eabi/lib/armv7-m\libc_nano.a
END GROUP
LOAD s:/program files (x86)/cypress/psoc creator/4.4/psoc creator/import/gnu/arm/5.4.1/bin/../lib/gcc/arm-none-eabi/5.4.1/armv7-m/crtend.o
LOAD s:/program files (x86)/cypress/psoc creator/4.4/psoc creator/import/gnu/arm/5.4.1/bin/../lib/gcc/arm-none-eabi/5.4.1/armv7-m/crtn.o
START GROUP
LOAD s:/program files (x86)/cypress/psoc creator/4.4/psoc creator/import/gnu/arm/5.4.1/bin/../lib/gcc/arm-none-eabi/5.4.1/armv7-m\libgcc.a
LOAD s:/program files (x86)/cypress/psoc creator/4.4/psoc creator/import/gnu/arm/5.4.1/bin/../lib/gcc/arm-none-eabi/5.4.1/../../../../arm-none-eabi/lib/armv7-m\libc.a
LOAD s:/program files (x86)/cypress/psoc creator/4.4/psoc creator/import/gnu/arm/5.4.1/bin/../lib/gcc/arm-none-eabi/5.4.1/../../../../arm-none-eabi/lib/armv7-m\libnosys.a
END GROUP
                0x00000000                CY_APPL_ORIGIN = 0x0
                0x00000100                CY_FLASH_ROW_SIZE = 0x100
                0x00000020                CY_ECC_ROW_SIZE = 0x20
                0x00000000                CY_EE_IN_BTLDR = 0x0
                0x00000000                CY_APPL_LOADABLE = 0x0
                0x00000800                CY_EE_SIZE = 0x800
                0x00000001                CY_APPL_NUM = 0x1
                0x00000001                CY_APPL_MAX = 0x1
                0x00000040                CY_METADATA_SIZE = 0x40
                0x00000000                CY_APPL_LOADABLE = 0x0
                0x00000000                CY_CHECKSUM_EXCLUDE_SIZE = ALIGN (0x0, CY_FLASH_ROW_SIZE)
                [!provide]                PROVIDE (__cy_heap_start, _end)
                0x00000001                PROVIDE (__cy_region_num, ((__cy_regions_end - __cy_regions) / 0x10))
                0x20008000                PROVIDE (__cy_stack, (ORIGIN (ram) + LENGTH (ram)))
                [!provide]                PROVIDE (__cy_heap_end, (__cy_stack - 0x800))

.cybootloader   0x00000000        0x0
 *(.cybootloader)
                0x00000000                appl1_start = CY_APPL_ORIGIN?CY_APPL_ORIGIN:ALIGN (CY_FLASH_ROW_SIZE)
                0x0001ff00                appl2_start = (appl1_start + ALIGN ((((LENGTH (rom) - appl1_start) - (0x2 * CY_FLASH_ROW_SIZE)) / 0x2), CY_FLASH_ROW_SIZE))
                0x00000000                appl_start = (CY_APPL_NUM == 0x1)?appl1_start:appl2_start
                0x00000000                ecc_offset = ((appl_start / CY_FLASH_ROW_SIZE) * CY_ECC_ROW_SIZE)
                0x00000000                ee_offset = (CY_APPL_LOADABLE && ! (CY_EE_IN_BTLDR))?((CY_EE_SIZE / CY_APPL_MAX) * (CY_APPL_NUM - 0x1)):0x0
                0x00000800                ee_size = (CY_APPL_LOADABLE && ! (CY_EE_IN_BTLDR))?(CY_EE_SIZE / CY_APPL_MAX):CY_EE_SIZE
                [!provide]                PROVIDE (CY_ECC_OFFSET, ecc_offset)

.text           0x00000000     0x149c
 CREATE_OBJECT_SYMBOLS
                0x00000000                PROVIDE (__cy_interrupt_vector, RomVectors)
 *(.romvectors)
 .romvectors    0x00000000       0x10 .\CortexM3\ARM_GCC_541\Debug\Cm3Start.o
                0x00000000                RomVectors
                0x00000001                ASSERT ((. != __cy_interrupt_vector), No interrupt vector)
                0x00000001                ASSERT (CY_APPL_ORIGIN?(SIZEOF (.cybootloader) <= CY_APPL_ORIGIN):0x1, Wrong image location)
                0x00000010                PROVIDE (__cy_reset, Reset)
 *(.text.Reset)
 .text.Reset    0x00000010       0x18 .\CortexM3\ARM_GCC_541\Debug\Cm3Start.o
                0x00000010                Reset
                0x00000001                ASSERT ((. != __cy_reset), No reset code)
 *(.dma_init)
                0x00000001                ASSERT ((((appl_start + .) <= 0x10000) || 0x1), DMA Init must be within the first 64k of flash)
 *(.text .text.* .gnu.linkonce.t.*)
 .text          0x00000028       0x5c s:/program files (x86)/cypress/psoc creator/4.4/psoc creator/import/gnu/arm/5.4.1/bin/../lib/gcc/arm-none-eabi/5.4.1/armv7-m/crtbegin.o
 .text.UART_Rx_CT_Handeler
                0x00000084       0x80 .\CortexM3\ARM_GCC_541\Debug\main.o
                0x00000084                UART_Rx_CT_Handeler
 .text.main     0x00000104       0x4c .\CortexM3\ARM_GCC_541\Debug\main.o
                0x00000104                main
 .text.PrintStringInt
                0x00000150       0x78 .\CortexM3\ARM_GCC_541\Debug\CustomPrint.o
                0x00000150                PrintStringInt
 .text.PrintStringFloat
                0x000001c8       0x80 .\CortexM3\ARM_GCC_541\Debug\CustomPrint.o
                0x000001c8                PrintStringFloat
 .text.CyClockStartupError
                0x00000248        0x4 .\CortexM3\ARM_GCC_541\Debug\cyfitter_cfg.o
 .text.cfg_write_bytes32
                0x0000024c       0x34 .\CortexM3\ARM_GCC_541\Debug\cyfitter_cfg.o
 .text.AnalogSetDefault
                0x00000280       0x28 .\CortexM3\ARM_GCC_541\Debug\cyfitter_cfg.o
 .text.CYMEMZERO
                0x000002a8        0xc .\CortexM3\ARM_GCC_541\Debug\cyfitter_cfg.o
 .text.ClockSetup
                0x000002b4       0xc8 .\CortexM3\ARM_GCC_541\Debug\cyfitter_cfg.o
 .text.CYCONFIGCPY
                0x0000037c        0x8 .\CortexM3\ARM_GCC_541\Debug\cyfitter_cfg.o
 .text.cyfitter_cfg
                0x00000384       0xdc .\CortexM3\ARM_GCC_541\Debug\cyfitter_cfg.o
                0x00000384                cyfitter_cfg
 .text.IntDefaultHandler
                0x00000460       0x10 .\CortexM3\ARM_GCC_541\Debug\Cm3Start.o
                0x00000460                IntDefaultHandler
 .text._sbrk    0x00000470       0x30 .\CortexM3\ARM_GCC_541\Debug\Cm3Start.o
                0x00000470                _sbrk
 .text.Start_c  0x000004a0       0x4c .\CortexM3\ARM_GCC_541\Debug\Cm3Start.o
                0x000004a0                Start_c
 .text.initialize_psoc
                0x000004ec       0x68 .\CortexM3\ARM_GCC_541\Debug\Cm3Start.o
                0x000004ec                initialize_psoc
 .text.UART_CT_Init
                0x00000554       0x28 .\CortexM3\ARM_GCC_541\Debug\Opgave1_I2C.a(UART_CT.o)
                0x00000554                UART_CT_Init
 .text.UART_CT_Enable
                0x0000057c       0x38 .\CortexM3\ARM_GCC_541\Debug\Opgave1_I2C.a(UART_CT.o)
                0x0000057c                UART_CT_Enable
 .text.UART_CT_Start
                0x000005b4       0x1c .\CortexM3\ARM_GCC_541\Debug\Opgave1_I2C.a(UART_CT.o)
                0x000005b4                UART_CT_Start
 .text.UART_CT_GetChar
                0x000005d0       0x2c .\CortexM3\ARM_GCC_541\Debug\Opgave1_I2C.a(UART_CT.o)
                0x000005d0                UART_CT_GetChar
 .text.UART_CT_GetRxBufferSize
                0x000005fc       0x18 .\CortexM3\ARM_GCC_541\Debug\Opgave1_I2C.a(UART_CT.o)
                0x000005fc                UART_CT_GetRxBufferSize
 .text.UART_CT_PutChar
                0x00000614       0x18 .\CortexM3\ARM_GCC_541\Debug\Opgave1_I2C.a(UART_CT.o)
                0x00000614                UART_CT_PutChar
 .text.UART_CT_PutString
                0x0000062c       0x24 .\CortexM3\ARM_GCC_541\Debug\Opgave1_I2C.a(UART_CT.o)
                0x0000062c                UART_CT_PutString
 .text.isr_UART_CT_SetVector
                0x00000650        0xc .\CortexM3\ARM_GCC_541\Debug\Opgave1_I2C.a(isr_UART_CT.o)
                0x00000650                isr_UART_CT_SetVector
 .text.isr_UART_CT_SetPriority
                0x0000065c       0x10 .\CortexM3\ARM_GCC_541\Debug\Opgave1_I2C.a(isr_UART_CT.o)
                0x0000065c                isr_UART_CT_SetPriority
 .text.isr_UART_CT_Enable
                0x0000066c        0xc .\CortexM3\ARM_GCC_541\Debug\Opgave1_I2C.a(isr_UART_CT.o)
                0x0000066c                isr_UART_CT_Enable
 .text.isr_UART_CT_Disable
                0x00000678        0xc .\CortexM3\ARM_GCC_541\Debug\Opgave1_I2C.a(isr_UART_CT.o)
                0x00000678                isr_UART_CT_Disable
 .text.isr_UART_CT_StartEx
                0x00000684       0x1c .\CortexM3\ARM_GCC_541\Debug\Opgave1_I2C.a(isr_UART_CT.o)
                0x00000684                isr_UART_CT_StartEx
 .text.UART_CT_IntClock_Start
                0x000006a0       0x1c .\CortexM3\ARM_GCC_541\Debug\Opgave1_I2C.a(UART_CT_IntClock.o)
                0x000006a0                UART_CT_IntClock_Start
 .text.I2C_M_MasterSendStart
                0x000006bc       0x90 .\CortexM3\ARM_GCC_541\Debug\Opgave1_I2C.a(I2C_M_MASTER.o)
                0x000006bc                I2C_M_MasterSendStart
 .text.I2C_M_MasterSendStop
                0x0000074c       0x50 .\CortexM3\ARM_GCC_541\Debug\Opgave1_I2C.a(I2C_M_MASTER.o)
                0x0000074c                I2C_M_MasterSendStop
 .text.I2C_M_MasterReadByte
                0x0000079c       0x88 .\CortexM3\ARM_GCC_541\Debug\Opgave1_I2C.a(I2C_M_MASTER.o)
                0x0000079c                I2C_M_MasterReadByte
 *fill*         0x00000824        0x4 
 .text          0x00000828       0x20 .\CortexM3\ARM_GCC_541\Debug\Opgave1_I2C.a(CyBootAsmGnu.o)
                0x00000828                CyDelayCycles
                0x00000838                CyEnterCriticalSection
                0x00000840                CyExitCriticalSection
 .text          0x00000848      0x370 s:/program files (x86)/cypress/psoc creator/4.4/psoc creator/import/gnu/arm/5.4.1/bin/../lib/gcc/arm-none-eabi/5.4.1/armv7-m\libgcc.a(_arm_addsubdf3.o)
                0x00000848                __aeabi_drsub
                0x00000850                __aeabi_dsub
                0x00000850                __subdf3
                0x00000854                __aeabi_dadd
                0x00000854                __adddf3
                0x00000acc                __floatunsidf
                0x00000acc                __aeabi_ui2d
                0x00000aec                __floatsidf
                0x00000aec                __aeabi_i2d
                0x00000b10                __aeabi_f2d
                0x00000b10                __extendsfdf2
                0x00000b4c                __floatundidf
                0x00000b4c                __aeabi_ul2d
                0x00000b5c                __floatdidf
                0x00000b5c                __aeabi_l2d
 .text.__errno  0x00000bb8        0xc s:/program files (x86)/cypress/psoc creator/4.4/psoc creator/import/gnu/arm/5.4.1/bin/../lib/gcc/arm-none-eabi/5.4.1/../../../../arm-none-eabi/lib/armv7-m\libg_nano.a(lib_a-errno.o)
                0x00000bb8                __errno
 .text.__libc_init_array
                0x00000bc4       0x4c s:/program files (x86)/cypress/psoc creator/4.4/psoc creator/import/gnu/arm/5.4.1/bin/../lib/gcc/arm-none-eabi/5.4.1/../../../../arm-none-eabi/lib/armv7-m\libg_nano.a(lib_a-init.o)
                0x00000bc4                __libc_init_array
 .text.memcpy   0x00000c10       0x16 s:/program files (x86)/cypress/psoc creator/4.4/psoc creator/import/gnu/arm/5.4.1/bin/../lib/gcc/arm-none-eabi/5.4.1/../../../../arm-none-eabi/lib/armv7-m\libg_nano.a(lib_a-memcpy-stub.o)
                0x00000c10                memcpy
 .text.memset   0x00000c26       0x10 s:/program files (x86)/cypress/psoc creator/4.4/psoc creator/import/gnu/arm/5.4.1/bin/../lib/gcc/arm-none-eabi/5.4.1/../../../../arm-none-eabi/lib/armv7-m\libg_nano.a(lib_a-memset.o)
                0x00000c26                memset
 *fill*         0x00000c36        0x2 
 .text.snprintf
                0x00000c38       0x64 s:/program files (x86)/cypress/psoc creator/4.4/psoc creator/import/gnu/arm/5.4.1/bin/../lib/gcc/arm-none-eabi/5.4.1/../../../../arm-none-eabi/lib/armv7-m\libg_nano.a(lib_a-snprintf.o)
                0x00000c38                sniprintf
                0x00000c38                snprintf
 .text.__ssputs_r
                0x00000c9c       0xb2 s:/program files (x86)/cypress/psoc creator/4.4/psoc creator/import/gnu/arm/5.4.1/bin/../lib/gcc/arm-none-eabi/5.4.1/../../../../arm-none-eabi/lib/armv7-m\libg_nano.a(lib_a-nano-svfprintf.o)
                0x00000c9c                __ssputs_r
 *fill*         0x00000d4e        0x2 
 .text._svfprintf_r
                0x00000d50      0x1e8 s:/program files (x86)/cypress/psoc creator/4.4/psoc creator/import/gnu/arm/5.4.1/bin/../lib/gcc/arm-none-eabi/5.4.1/../../../../arm-none-eabi/lib/armv7-m\libg_nano.a(lib_a-nano-svfprintf.o)
                0x00000d50                _svfiprintf_r
                0x00000d50                _svfprintf_r
 .text._printf_common
                0x00000f38       0xec s:/program files (x86)/cypress/psoc creator/4.4/psoc creator/import/gnu/arm/5.4.1/bin/../lib/gcc/arm-none-eabi/5.4.1/../../../../arm-none-eabi/lib/armv7-m\libg_nano.a(lib_a-nano-vfprintf_i.o)
                0x00000f38                _printf_common
 .text._printf_i
                0x00001024      0x24c s:/program files (x86)/cypress/psoc creator/4.4/psoc creator/import/gnu/arm/5.4.1/bin/../lib/gcc/arm-none-eabi/5.4.1/../../../../arm-none-eabi/lib/armv7-m\libg_nano.a(lib_a-nano-vfprintf_i.o)
                0x00001024                _printf_i
 .text.memchr   0x00001270       0x1c s:/program files (x86)/cypress/psoc creator/4.4/psoc creator/import/gnu/arm/5.4.1/bin/../lib/gcc/arm-none-eabi/5.4.1/../../../../arm-none-eabi/lib/armv7-m\libg_nano.a(lib_a-memchr-stub.o)
                0x00001270                memchr
 .text.memmove  0x0000128c       0x36 s:/program files (x86)/cypress/psoc creator/4.4/psoc creator/import/gnu/arm/5.4.1/bin/../lib/gcc/arm-none-eabi/5.4.1/../../../../arm-none-eabi/lib/armv7-m\libg_nano.a(lib_a-memmove.o)
                0x0000128c                memmove
 *fill*         0x000012c2        0x2 
 .text._free_r  0x000012c4       0x98 s:/program files (x86)/cypress/psoc creator/4.4/psoc creator/import/gnu/arm/5.4.1/bin/../lib/gcc/arm-none-eabi/5.4.1/../../../../arm-none-eabi/lib/armv7-m\libg_nano.a(lib_a-nano-freer.o)
                0x000012c4                _free_r
 .text._malloc_r
                0x0000135c       0xbc s:/program files (x86)/cypress/psoc creator/4.4/psoc creator/import/gnu/arm/5.4.1/bin/../lib/gcc/arm-none-eabi/5.4.1/../../../../arm-none-eabi/lib/armv7-m\libg_nano.a(lib_a-nano-mallocr.o)
                0x0000135c                _malloc_r
 .text._realloc_r
                0x00001418       0x4c s:/program files (x86)/cypress/psoc creator/4.4/psoc creator/import/gnu/arm/5.4.1/bin/../lib/gcc/arm-none-eabi/5.4.1/../../../../arm-none-eabi/lib/armv7-m\libg_nano.a(lib_a-nano-reallocr.o)
                0x00001418                _realloc_r
 .text._sbrk_r  0x00001464       0x20 s:/program files (x86)/cypress/psoc creator/4.4/psoc creator/import/gnu/arm/5.4.1/bin/../lib/gcc/arm-none-eabi/5.4.1/../../../../arm-none-eabi/lib/armv7-m\libg_nano.a(lib_a-sbrkr.o)
                0x00001464                _sbrk_r
 .text.__malloc_lock
                0x00001484        0x2 s:/program files (x86)/cypress/psoc creator/4.4/psoc creator/import/gnu/arm/5.4.1/bin/../lib/gcc/arm-none-eabi/5.4.1/../../../../arm-none-eabi/lib/armv7-m\libg_nano.a(lib_a-mlock.o)
                0x00001484                __malloc_lock
 .text.__malloc_unlock
                0x00001486        0x2 s:/program files (x86)/cypress/psoc creator/4.4/psoc creator/import/gnu/arm/5.4.1/bin/../lib/gcc/arm-none-eabi/5.4.1/../../../../arm-none-eabi/lib/armv7-m\libg_nano.a(lib_a-mlock.o)
                0x00001486                __malloc_unlock
 .text._malloc_usable_size_r
                0x00001488       0x14 s:/program files (x86)/cypress/psoc creator/4.4/psoc creator/import/gnu/arm/5.4.1/bin/../lib/gcc/arm-none-eabi/5.4.1/../../../../arm-none-eabi/lib/armv7-m\libg_nano.a(lib_a-nano-msizer.o)
                0x00001488                _malloc_usable_size_r
 *(.plt)
 *(.gnu.warning)
 *(.glue_7t)
 .glue_7t       0x0000149c        0x0 linker stubs
 *(.glue_7)
 .glue_7        0x0000149c        0x0 linker stubs
 *(.vfp11_veneer)
 .vfp11_veneer  0x0000149c        0x0 linker stubs
 *(.bootloader)
 *(.ARM.extab* .gnu.linkonce.armextab.*)
 *(.gcc_except_table)

.v4_bx          0x0000149c        0x0
 .v4_bx         0x0000149c        0x0 linker stubs

.iplt           0x0000149c        0x0
 .iplt          0x0000149c        0x0 s:/program files (x86)/cypress/psoc creator/4.4/psoc creator/import/gnu/arm/5.4.1/bin/../lib/gcc/arm-none-eabi/5.4.1/armv7-m/crtbegin.o

.eh_frame_hdr
 *(.eh_frame_hdr)

.eh_frame       0x0000149c        0x4
 *(.eh_frame)
 .eh_frame      0x0000149c        0x0 s:/program files (x86)/cypress/psoc creator/4.4/psoc creator/import/gnu/arm/5.4.1/bin/../lib/gcc/arm-none-eabi/5.4.1/armv7-m/crtbegin.o
 .eh_frame      0x0000149c        0x4 s:/program files (x86)/cypress/psoc creator/4.4/psoc creator/import/gnu/arm/5.4.1/bin/../lib/gcc/arm-none-eabi/5.4.1/armv7-m/crtend.o
                [!provide]                PROVIDE (__exidx_start, .)

.ARM.exidx
 *(.ARM.exidx* .gnu.linkonce.armexidx.*)
                0x000014a0                __exidx_end = .

.rodata         0x000014a0      0x108
 *(.rodata .rodata.* .gnu.linkonce.r.*)
 .rodata.str1.4
                0x000014a0       0x5c .\CortexM3\ARM_GCC_541\Debug\main.o
                                 0x5f (size before relaxing)
 .rodata        0x000014fc       0x10 .\CortexM3\ARM_GCC_541\Debug\CustomPrint.o
 .rodata        0x0000150c       0x30 .\CortexM3\ARM_GCC_541\Debug\cyfitter_cfg.o
 .rodata.str1.1
                0x0000153c        0x2 s:/program files (x86)/cypress/psoc creator/4.4/psoc creator/import/gnu/arm/5.4.1/bin/../lib/gcc/arm-none-eabi/5.4.1/../../../../arm-none-eabi/lib/armv7-m\libg_nano.a(lib_a-impure.o)
 .rodata.str1.1
                0x0000153e       0x11 s:/program files (x86)/cypress/psoc creator/4.4/psoc creator/import/gnu/arm/5.4.1/bin/../lib/gcc/arm-none-eabi/5.4.1/../../../../arm-none-eabi/lib/armv7-m\libg_nano.a(lib_a-nano-svfprintf.o)
 .rodata.str1.1
                0x0000154f       0x22 s:/program files (x86)/cypress/psoc creator/4.4/psoc creator/import/gnu/arm/5.4.1/bin/../lib/gcc/arm-none-eabi/5.4.1/../../../../arm-none-eabi/lib/armv7-m\libg_nano.a(lib_a-nano-vfprintf_i.o)
                0x00001574                . = ALIGN (0x4)
 *fill*         0x00001571        0x3 
 *(.init)
 .init          0x00001574        0x4 s:/program files (x86)/cypress/psoc creator/4.4/psoc creator/import/gnu/arm/5.4.1/bin/../lib/gcc/arm-none-eabi/5.4.1/armv7-m/crti.o
                0x00001574                _init
 .init          0x00001578        0x8 s:/program files (x86)/cypress/psoc creator/4.4/psoc creator/import/gnu/arm/5.4.1/bin/../lib/gcc/arm-none-eabi/5.4.1/armv7-m/crtn.o
                0x00001580                . = ALIGN (0x4)
                0x00001580                __preinit_array_start = .
 *(.preinit_array)
                0x00001580                __preinit_array_end = .
                0x00001580                . = ALIGN (0x4)
                0x00001580                __init_array_start = .
 *(SORT(.init_array.*))
 *(.init_array)
 .init_array    0x00001580        0x4 s:/program files (x86)/cypress/psoc creator/4.4/psoc creator/import/gnu/arm/5.4.1/bin/../lib/gcc/arm-none-eabi/5.4.1/armv7-m/crtbegin.o
 .init_array    0x00001584        0x4 .\CortexM3\ARM_GCC_541\Debug\Cm3Start.o
                0x00001588                __init_array_end = .
                0x00001588                . = ALIGN (0x4)
 *(.fini)
 .fini          0x00001588        0x4 s:/program files (x86)/cypress/psoc creator/4.4/psoc creator/import/gnu/arm/5.4.1/bin/../lib/gcc/arm-none-eabi/5.4.1/armv7-m/crti.o
                0x00001588                _fini
 .fini          0x0000158c        0x8 s:/program files (x86)/cypress/psoc creator/4.4/psoc creator/import/gnu/arm/5.4.1/bin/../lib/gcc/arm-none-eabi/5.4.1/armv7-m/crtn.o
                0x00001594                . = ALIGN (0x4)
                0x00001594                __fini_array_start = .
 *(.fini_array)
 .fini_array    0x00001594        0x4 s:/program files (x86)/cypress/psoc creator/4.4/psoc creator/import/gnu/arm/5.4.1/bin/../lib/gcc/arm-none-eabi/5.4.1/armv7-m/crtbegin.o
 *(SORT(.fini_array.*))
                0x00001598                __fini_array_end = .
                0x00001598                . = ALIGN (0x4)
 *crtbegin.o(.ctors)
 *(EXCLUDE_FILE(*crtend.o) .ctors)
 *(SORT(.ctors.*))
 *crtend.o(.ctors)
                0x00001598                . = ALIGN (0x4)
 *crtbegin.o(.dtors)
 *(EXCLUDE_FILE(*crtend.o) .dtors)
 *(SORT(.dtors.*))
 *crtend.o(.dtors)
                0x00001598                . = ALIGN (0x4)
                0x00001598                __cy_regions = .
                0x00001598        0x4 LONG 0x15a8 __cy_region_init_ram
                0x0000159c        0x4 LONG 0x1fff80c8 __cy_region_start_data
                0x000015a0        0x4 LONG 0x70 __cy_region_init_size_ram
                0x000015a4        0x4 LONG 0x30 __cy_region_zero_size_ram
                0x000015a8                __cy_regions_end = .
                0x000015a8                . = ALIGN (0x8)
                0x000015a8                _etext = .

.cy_checksum_exclude
                0x000015a8        0x0
 *(.cy_checksum_exclude)

.ramvectors     0x1fff8000       0xc0
                0x1fff8000                __cy_region_start_ram = .
 *(.ramvectors)
 .ramvectors    0x1fff8000       0xc0 .\CortexM3\ARM_GCC_541\Debug\Cm3Start.o
                0x1fff8000                CyRamVectors

.noinit         0x1fff80c0        0x1
 *(.noinit)
 .noinit        0x1fff80c0        0x1 .\CortexM3\ARM_GCC_541\Debug\Opgave1_I2C.a(CyLib.o)
                0x1fff80c0                CyResetStatus

.data           0x1fff80c8       0x70 load address 0x000015a8
                0x1fff80c8                __cy_region_start_data = .
 *(.jcr)
 .jcr           0x1fff80c8        0x0 s:/program files (x86)/cypress/psoc creator/4.4/psoc creator/import/gnu/arm/5.4.1/bin/../lib/gcc/arm-none-eabi/5.4.1/armv7-m/crtbegin.o
 .jcr           0x1fff80c8        0x4 s:/program files (x86)/cypress/psoc creator/4.4/psoc creator/import/gnu/arm/5.4.1/bin/../lib/gcc/arm-none-eabi/5.4.1/armv7-m/crtend.o
 *(.got.plt)
 *(.got)
 *(.shdata)
 *(.data .data.* .gnu.linkonce.d.*)
 .data          0x1fff80cc        0x4 .\CortexM3\ARM_GCC_541\Debug\Cm3Start.o
 .data.impure_data
                0x1fff80d0       0x60 s:/program files (x86)/cypress/psoc creator/4.4/psoc creator/import/gnu/arm/5.4.1/bin/../lib/gcc/arm-none-eabi/5.4.1/../../../../arm-none-eabi/lib/armv7-m\libg_nano.a(lib_a-impure.o)
 .data._impure_ptr
                0x1fff8130        0x4 s:/program files (x86)/cypress/psoc creator/4.4/psoc creator/import/gnu/arm/5.4.1/bin/../lib/gcc/arm-none-eabi/5.4.1/../../../../arm-none-eabi/lib/armv7-m\libg_nano.a(lib_a-impure.o)
                0x1fff8130                _impure_ptr
                0x1fff8138                . = ALIGN (0x8)
 *fill*         0x1fff8134        0x4 
 *(.ram)
                0x1fff8138                _edata = .

.igot.plt       0x1fff8138        0x0 load address 0x00001618
 .igot.plt      0x1fff8138        0x0 s:/program files (x86)/cypress/psoc creator/4.4/psoc creator/import/gnu/arm/5.4.1/bin/../lib/gcc/arm-none-eabi/5.4.1/armv7-m/crtbegin.o

.bss            0x1fff8138       0x30 load address 0x00001618
                0x1fff8138                PROVIDE (__bss_start__, .)
 *(.shbss)
 *(.bss .bss.* .gnu.linkonce.b.*)
 .bss           0x1fff8138       0x1c s:/program files (x86)/cypress/psoc creator/4.4/psoc creator/import/gnu/arm/5.4.1/bin/../lib/gcc/arm-none-eabi/5.4.1/armv7-m/crtbegin.o
 .bss           0x1fff8154        0x2 .\CortexM3\ARM_GCC_541\Debug\Opgave1_I2C.a(UART_CT.o)
                0x1fff8154                UART_CT_initVar
 *fill*         0x1fff8156        0x2 
 .bss.__malloc_sbrk_start
                0x1fff8158        0x4 s:/program files (x86)/cypress/psoc creator/4.4/psoc creator/import/gnu/arm/5.4.1/bin/../lib/gcc/arm-none-eabi/5.4.1/../../../../arm-none-eabi/lib/armv7-m\libg_nano.a(lib_a-nano-mallocr.o)
                0x1fff8158                __malloc_sbrk_start
 .bss.__malloc_free_list
                0x1fff815c        0x4 s:/program files (x86)/cypress/psoc creator/4.4/psoc creator/import/gnu/arm/5.4.1/bin/../lib/gcc/arm-none-eabi/5.4.1/../../../../arm-none-eabi/lib/armv7-m\libg_nano.a(lib_a-nano-mallocr.o)
                0x1fff815c                __malloc_free_list
 *(COMMON)
 COMMON         0x1fff8160        0x1 .\CortexM3\ARM_GCC_541\Debug\Opgave1_I2C.a(I2C_M.o)
                0x1fff8160                I2C_M_state
 *fill*         0x1fff8161        0x3 
 COMMON         0x1fff8164        0x4 s:/program files (x86)/cypress/psoc creator/4.4/psoc creator/import/gnu/arm/5.4.1/bin/../lib/gcc/arm-none-eabi/5.4.1/../../../../arm-none-eabi/lib/armv7-m\libg_nano.a(lib_a-reent.o)
                0x1fff8164                errno
                0x1fff8168                . = ALIGN (0x8)
 *(.ram.b)
                0x1fff8168                _end = .
                0x1fff8168                __end = .
                0x1fff8168                PROVIDE (end, .)
                0x1fff8168                PROVIDE (__bss_end__, .)
                0x000015a8                __cy_region_init_ram = LOADADDR (.data)
                0x00000070                __cy_region_init_size_ram = (_edata - ADDR (.data))
                0x00000030                __cy_region_zero_size_ram = (_end - _edata)

.heap           0x1fff8168      0x500 load address 0x00001618
                0x1fff8168                . = _end
                0x1fff8668                . = (. + 0x500)
 *fill*         0x1fff8168      0x500 
                0x1fff8668                __cy_heap_limit = .

.stack          0x20007800      0x800
                0x20007800                __cy_stack_limit = .
                0x20008000                . = (. + 0x800)
 *fill*         0x20007800      0x800 
                0x00000001                ASSERT ((__cy_stack_limit >= __cy_heap_limit), region RAM overflowed with stack)
                0x00000000                cy_checksum_exclude_size = (CY_APPL_LOADABLE == 0x1)?SIZEOF (.cy_checksum_exclude):0x0
                0x00000001                ASSERT ((cy_checksum_exclude_size <= CY_CHECKSUM_EXCLUDE_SIZE), CY_BOOT: Section .cy_checksum_exclude size exceedes specified limit.)

.cyloadermeta
 *(.cyloadermeta)

.cyloadablemeta
 *(.cyloadablemeta)

.cyconfigecc    0x80000000      0x878
 *(.cyconfigecc)
 .cyconfigecc   0x80000000      0x878 .\CortexM3\ARM_GCC_541\Debug\cymetadata.o
                0x80000000                cy_meta_configecc

.cycustnvl      0x90000000        0x4
 *(.cycustnvl)
 .cycustnvl     0x90000000        0x4 .\CortexM3\ARM_GCC_541\Debug\cymetadata.o
                0x90000000                cy_meta_custnvl

.cywolatch      0x90100000        0x4
 *(.cywolatch)
 .cywolatch     0x90100000        0x4 .\CortexM3\ARM_GCC_541\Debug\cymetadata.o
                0x90100000                cy_meta_wonvl

.cyeeprom       0x90200000        0x0
 *(.cyeeprom)
                0x00000001                ASSERT ((. <= ((0x90200000 + ee_offset) + ee_size)), .cyeeprom data will not fit in EEPROM)

.cyflashprotect
                0x90400000      0x100
 *(.cyflashprotect)
 .cyflashprotect
                0x90400000      0x100 .\CortexM3\ARM_GCC_541\Debug\cymetadata.o
                0x90400000                cy_meta_flashprotect

.cymeta         0x90500000        0xc
 *(.cymeta)
 .cymeta        0x90500000        0xc .\CortexM3\ARM_GCC_541\Debug\cymetadata.o
                0x90500000                cy_metadata

.rel.dyn        0x00001618        0x0 load address 0x9050000c
 .rel.iplt      0x00001618        0x0 s:/program files (x86)/cypress/psoc creator/4.4/psoc creator/import/gnu/arm/5.4.1/bin/../lib/gcc/arm-none-eabi/5.4.1/armv7-m/crtbegin.o

.stab
 *(.stab)

.stabstr
 *(.stabstr)

.debug
 *(.debug)

.line
 *(.line)

.debug_srcinfo
 *(.debug_srcinfo)

.debug_sfnames
 *(.debug_sfnames)

.debug_aranges  0x00000000      0x820
 *(.debug_aranges)
 .debug_aranges
                0x00000000       0x28 .\CortexM3\ARM_GCC_541\Debug\main.o
 .debug_aranges
                0x00000028       0x28 .\CortexM3\ARM_GCC_541\Debug\CustomPrint.o
 .debug_aranges
                0x00000050       0x58 .\CortexM3\ARM_GCC_541\Debug\cyfitter_cfg.o
 .debug_aranges
                0x000000a8       0x18 .\CortexM3\ARM_GCC_541\Debug\cymetadata.o
 .debug_aranges
                0x000000c0       0x48 .\CortexM3\ARM_GCC_541\Debug\Cm3Start.o
 .debug_aranges
                0x00000108      0x2a0 .\CortexM3\ARM_GCC_541\Debug\Opgave1_I2C.a(CyLib.o)
 .debug_aranges
                0x000003a8       0x98 .\CortexM3\ARM_GCC_541\Debug\Opgave1_I2C.a(cyPm.o)
 .debug_aranges
                0x00000440       0xf0 .\CortexM3\ARM_GCC_541\Debug\Opgave1_I2C.a(UART_CT.o)
 .debug_aranges
                0x00000530       0x80 .\CortexM3\ARM_GCC_541\Debug\Opgave1_I2C.a(isr_UART_CT.o)
 .debug_aranges
                0x000005b0       0x70 .\CortexM3\ARM_GCC_541\Debug\Opgave1_I2C.a(UART_CT_IntClock.o)
 .debug_aranges
                0x00000620       0x80 .\CortexM3\ARM_GCC_541\Debug\Opgave1_I2C.a(I2C_M_MASTER.o)
 .debug_aranges
                0x000006a0       0x20 .\CortexM3\ARM_GCC_541\Debug\Opgave1_I2C.a(CyBootAsmGnu.o)
 .debug_aranges
                0x000006c0       0x88 .\CortexM3\ARM_GCC_541\Debug\Opgave1_I2C.a(CyFlash.o)
 .debug_aranges
                0x00000748       0x80 .\CortexM3\ARM_GCC_541\Debug\Opgave1_I2C.a(CySpc.o)
 .debug_aranges
                0x000007c8       0x38 .\CortexM3\ARM_GCC_541\Debug\Opgave1_I2C.a(I2C_M.o)
 .debug_aranges
                0x00000800       0x20 .\CortexM3\ARM_GCC_541\Debug\Opgave1_I2C.a(I2C_M_INT.o)

.debug_pubnames
 *(.debug_pubnames)

.debug_info     0x00000000     0x4c70
 *(.debug_info .gnu.linkonce.wi.*)
 .debug_info    0x00000000      0x365 .\CortexM3\ARM_GCC_541\Debug\main.o
 .debug_info    0x00000365      0x2b9 .\CortexM3\ARM_GCC_541\Debug\CustomPrint.o
 .debug_info    0x0000061e      0x4a4 .\CortexM3\ARM_GCC_541\Debug\cyfitter_cfg.o
 .debug_info    0x00000ac2      0x139 .\CortexM3\ARM_GCC_541\Debug\cymetadata.o
 .debug_info    0x00000bfb      0x3bb .\CortexM3\ARM_GCC_541\Debug\Cm3Start.o
 .debug_info    0x00000fb6     0x1374 .\CortexM3\ARM_GCC_541\Debug\Opgave1_I2C.a(CyLib.o)
 .debug_info    0x0000232a      0xa2a .\CortexM3\ARM_GCC_541\Debug\Opgave1_I2C.a(cyPm.o)
 .debug_info    0x00002d54      0x60c .\CortexM3\ARM_GCC_541\Debug\Opgave1_I2C.a(UART_CT.o)
 .debug_info    0x00003360      0x2d2 .\CortexM3\ARM_GCC_541\Debug\Opgave1_I2C.a(isr_UART_CT.o)
 .debug_info    0x00003632      0x283 .\CortexM3\ARM_GCC_541\Debug\Opgave1_I2C.a(UART_CT_IntClock.o)
 .debug_info    0x000038b5      0x407 .\CortexM3\ARM_GCC_541\Debug\Opgave1_I2C.a(I2C_M_MASTER.o)
 .debug_info    0x00003cbc       0xb1 .\CortexM3\ARM_GCC_541\Debug\Opgave1_I2C.a(CyBootAsmGnu.o)
 .debug_info    0x00003d6d      0x64d .\CortexM3\ARM_GCC_541\Debug\Opgave1_I2C.a(CyFlash.o)
 .debug_info    0x000043ba      0x550 .\CortexM3\ARM_GCC_541\Debug\Opgave1_I2C.a(CySpc.o)
 .debug_info    0x0000490a      0x1e2 .\CortexM3\ARM_GCC_541\Debug\Opgave1_I2C.a(I2C_M.o)
 .debug_info    0x00004aec      0x184 .\CortexM3\ARM_GCC_541\Debug\Opgave1_I2C.a(I2C_M_INT.o)

.debug_abbrev   0x00000000     0x14c0
 *(.debug_abbrev)
 .debug_abbrev  0x00000000      0x114 .\CortexM3\ARM_GCC_541\Debug\main.o
 .debug_abbrev  0x00000114      0x10d .\CortexM3\ARM_GCC_541\Debug\CustomPrint.o
 .debug_abbrev  0x00000221      0x1fe .\CortexM3\ARM_GCC_541\Debug\cyfitter_cfg.o
 .debug_abbrev  0x0000041f       0x77 .\CortexM3\ARM_GCC_541\Debug\cymetadata.o
 .debug_abbrev  0x00000496      0x1e8 .\CortexM3\ARM_GCC_541\Debug\Cm3Start.o
 .debug_abbrev  0x0000067e      0x254 .\CortexM3\ARM_GCC_541\Debug\Opgave1_I2C.a(CyLib.o)
 .debug_abbrev  0x000008d2      0x1ab .\CortexM3\ARM_GCC_541\Debug\Opgave1_I2C.a(cyPm.o)
 .debug_abbrev  0x00000a7d      0x175 .\CortexM3\ARM_GCC_541\Debug\Opgave1_I2C.a(UART_CT.o)
 .debug_abbrev  0x00000bf2      0x173 .\CortexM3\ARM_GCC_541\Debug\Opgave1_I2C.a(isr_UART_CT.o)
 .debug_abbrev  0x00000d65      0x139 .\CortexM3\ARM_GCC_541\Debug\Opgave1_I2C.a(UART_CT_IntClock.o)
 .debug_abbrev  0x00000e9e      0x13c .\CortexM3\ARM_GCC_541\Debug\Opgave1_I2C.a(I2C_M_MASTER.o)
 .debug_abbrev  0x00000fda       0x14 .\CortexM3\ARM_GCC_541\Debug\Opgave1_I2C.a(CyBootAsmGnu.o)
 .debug_abbrev  0x00000fee      0x1a7 .\CortexM3\ARM_GCC_541\Debug\Opgave1_I2C.a(CyFlash.o)
 .debug_abbrev  0x00001195      0x194 .\CortexM3\ARM_GCC_541\Debug\Opgave1_I2C.a(CySpc.o)
 .debug_abbrev  0x00001329       0xe1 .\CortexM3\ARM_GCC_541\Debug\Opgave1_I2C.a(I2C_M.o)
 .debug_abbrev  0x0000140a       0xb6 .\CortexM3\ARM_GCC_541\Debug\Opgave1_I2C.a(I2C_M_INT.o)

.debug_line     0x00000000     0x233e
 *(.debug_line)
 .debug_line    0x00000000      0x1cb .\CortexM3\ARM_GCC_541\Debug\main.o
 .debug_line    0x000001cb      0x23e .\CortexM3\ARM_GCC_541\Debug\CustomPrint.o
 .debug_line    0x00000409      0x1d8 .\CortexM3\ARM_GCC_541\Debug\cyfitter_cfg.o
 .debug_line    0x000005e1      0x141 .\CortexM3\ARM_GCC_541\Debug\cymetadata.o
 .debug_line    0x00000722      0x234 .\CortexM3\ARM_GCC_541\Debug\Cm3Start.o
 .debug_line    0x00000956      0x816 .\CortexM3\ARM_GCC_541\Debug\Opgave1_I2C.a(CyLib.o)
 .debug_line    0x0000116c      0x367 .\CortexM3\ARM_GCC_541\Debug\Opgave1_I2C.a(cyPm.o)
 .debug_line    0x000014d3      0x2c2 .\CortexM3\ARM_GCC_541\Debug\Opgave1_I2C.a(UART_CT.o)
 .debug_line    0x00001795      0x138 .\CortexM3\ARM_GCC_541\Debug\Opgave1_I2C.a(isr_UART_CT.o)
 .debug_line    0x000018cd      0x17f .\CortexM3\ARM_GCC_541\Debug\Opgave1_I2C.a(UART_CT_IntClock.o)
 .debug_line    0x00001a4c      0x22b .\CortexM3\ARM_GCC_541\Debug\Opgave1_I2C.a(I2C_M_MASTER.o)
 .debug_line    0x00001c77       0x66 .\CortexM3\ARM_GCC_541\Debug\Opgave1_I2C.a(CyBootAsmGnu.o)
 .debug_line    0x00001cdd      0x21a .\CortexM3\ARM_GCC_541\Debug\Opgave1_I2C.a(CyFlash.o)
 .debug_line    0x00001ef7      0x260 .\CortexM3\ARM_GCC_541\Debug\Opgave1_I2C.a(CySpc.o)
 .debug_line    0x00002157       0xcd .\CortexM3\ARM_GCC_541\Debug\Opgave1_I2C.a(I2C_M.o)
 .debug_line    0x00002224      0x11a .\CortexM3\ARM_GCC_541\Debug\Opgave1_I2C.a(I2C_M_INT.o)

.debug_frame    0x00000000     0x1884
 *(.debug_frame)
 .debug_frame   0x00000000       0x4c .\CortexM3\ARM_GCC_541\Debug\main.o
 .debug_frame   0x0000004c       0x68 .\CortexM3\ARM_GCC_541\Debug\CustomPrint.o
 .debug_frame   0x000000b4       0xe4 .\CortexM3\ARM_GCC_541\Debug\cyfitter_cfg.o
 .debug_frame   0x00000198       0xb8 .\CortexM3\ARM_GCC_541\Debug\Cm3Start.o
 .debug_frame   0x00000250      0x738 .\CortexM3\ARM_GCC_541\Debug\Opgave1_I2C.a(CyLib.o)
 .debug_frame   0x00000988      0x1f8 .\CortexM3\ARM_GCC_541\Debug\Opgave1_I2C.a(cyPm.o)
 .debug_frame   0x00000b80      0x250 .\CortexM3\ARM_GCC_541\Debug\Opgave1_I2C.a(UART_CT.o)
 .debug_frame   0x00000dd0      0x104 .\CortexM3\ARM_GCC_541\Debug\Opgave1_I2C.a(isr_UART_CT.o)
 .debug_frame   0x00000ed4       0xe0 .\CortexM3\ARM_GCC_541\Debug\Opgave1_I2C.a(UART_CT_IntClock.o)
 .debug_frame   0x00000fb4      0x138 .\CortexM3\ARM_GCC_541\Debug\Opgave1_I2C.a(I2C_M_MASTER.o)
 .debug_frame   0x000010ec      0x194 .\CortexM3\ARM_GCC_541\Debug\Opgave1_I2C.a(CyFlash.o)
 .debug_frame   0x00001280      0x180 .\CortexM3\ARM_GCC_541\Debug\Opgave1_I2C.a(CySpc.o)
 .debug_frame   0x00001400       0x6c .\CortexM3\ARM_GCC_541\Debug\Opgave1_I2C.a(I2C_M.o)
 .debug_frame   0x0000146c       0x30 .\CortexM3\ARM_GCC_541\Debug\Opgave1_I2C.a(I2C_M_INT.o)
 .debug_frame   0x0000149c       0x20 s:/program files (x86)/cypress/psoc creator/4.4/psoc creator/import/gnu/arm/5.4.1/bin/../lib/gcc/arm-none-eabi/5.4.1/../../../../arm-none-eabi/lib/armv7-m\libg_nano.a(lib_a-errno.o)
 .debug_frame   0x000014bc       0x28 s:/program files (x86)/cypress/psoc creator/4.4/psoc creator/import/gnu/arm/5.4.1/bin/../lib/gcc/arm-none-eabi/5.4.1/../../../../arm-none-eabi/lib/armv7-m\libg_nano.a(lib_a-exit.o)
 .debug_frame   0x000014e4       0x2c s:/program files (x86)/cypress/psoc creator/4.4/psoc creator/import/gnu/arm/5.4.1/bin/../lib/gcc/arm-none-eabi/5.4.1/../../../../arm-none-eabi/lib/armv7-m\libg_nano.a(lib_a-init.o)
 .debug_frame   0x00001510       0x28 s:/program files (x86)/cypress/psoc creator/4.4/psoc creator/import/gnu/arm/5.4.1/bin/../lib/gcc/arm-none-eabi/5.4.1/../../../../arm-none-eabi/lib/armv7-m\libg_nano.a(lib_a-memcpy-stub.o)
 .debug_frame   0x00001538       0x20 s:/program files (x86)/cypress/psoc creator/4.4/psoc creator/import/gnu/arm/5.4.1/bin/../lib/gcc/arm-none-eabi/5.4.1/../../../../arm-none-eabi/lib/armv7-m\libg_nano.a(lib_a-memset.o)
 .debug_frame   0x00001558       0x74 s:/program files (x86)/cypress/psoc creator/4.4/psoc creator/import/gnu/arm/5.4.1/bin/../lib/gcc/arm-none-eabi/5.4.1/../../../../arm-none-eabi/lib/armv7-m\libg_nano.a(lib_a-snprintf.o)
 .debug_frame   0x000015cc       0x90 s:/program files (x86)/cypress/psoc creator/4.4/psoc creator/import/gnu/arm/5.4.1/bin/../lib/gcc/arm-none-eabi/5.4.1/../../../../arm-none-eabi/lib/armv7-m\libg_nano.a(lib_a-nano-svfprintf.o)
 .debug_frame   0x0000165c       0x60 s:/program files (x86)/cypress/psoc creator/4.4/psoc creator/import/gnu/arm/5.4.1/bin/../lib/gcc/arm-none-eabi/5.4.1/../../../../arm-none-eabi/lib/armv7-m\libg_nano.a(lib_a-nano-vfprintf_i.o)
 .debug_frame   0x000016bc       0x28 s:/program files (x86)/cypress/psoc creator/4.4/psoc creator/import/gnu/arm/5.4.1/bin/../lib/gcc/arm-none-eabi/5.4.1/../../../../arm-none-eabi/lib/armv7-m\libg_nano.a(lib_a-memchr-stub.o)
 .debug_frame   0x000016e4       0x28 s:/program files (x86)/cypress/psoc creator/4.4/psoc creator/import/gnu/arm/5.4.1/bin/../lib/gcc/arm-none-eabi/5.4.1/../../../../arm-none-eabi/lib/armv7-m\libg_nano.a(lib_a-memmove.o)
 .debug_frame   0x0000170c       0x38 s:/program files (x86)/cypress/psoc creator/4.4/psoc creator/import/gnu/arm/5.4.1/bin/../lib/gcc/arm-none-eabi/5.4.1/../../../../arm-none-eabi/lib/armv7-m\libg_nano.a(lib_a-nano-freer.o)
 .debug_frame   0x00001744       0x2c s:/program files (x86)/cypress/psoc creator/4.4/psoc creator/import/gnu/arm/5.4.1/bin/../lib/gcc/arm-none-eabi/5.4.1/../../../../arm-none-eabi/lib/armv7-m\libg_nano.a(lib_a-nano-mallocr.o)
 .debug_frame   0x00001770       0x3c s:/program files (x86)/cypress/psoc creator/4.4/psoc creator/import/gnu/arm/5.4.1/bin/../lib/gcc/arm-none-eabi/5.4.1/../../../../arm-none-eabi/lib/armv7-m\libg_nano.a(lib_a-nano-reallocr.o)
 .debug_frame   0x000017ac       0x2c s:/program files (x86)/cypress/psoc creator/4.4/psoc creator/import/gnu/arm/5.4.1/bin/../lib/gcc/arm-none-eabi/5.4.1/../../../../arm-none-eabi/lib/armv7-m\libg_nano.a(lib_a-sbrkr.o)
 .debug_frame   0x000017d8       0x30 s:/program files (x86)/cypress/psoc creator/4.4/psoc creator/import/gnu/arm/5.4.1/bin/../lib/gcc/arm-none-eabi/5.4.1/../../../../arm-none-eabi/lib/armv7-m\libg_nano.a(lib_a-mlock.o)
 .debug_frame   0x00001808       0x20 s:/program files (x86)/cypress/psoc creator/4.4/psoc creator/import/gnu/arm/5.4.1/bin/../lib/gcc/arm-none-eabi/5.4.1/../../../../arm-none-eabi/lib/armv7-m\libg_nano.a(lib_a-nano-msizer.o)
 .debug_frame   0x00001828       0x5c s:/program files (x86)/cypress/psoc creator/4.4/psoc creator/import/gnu/arm/5.4.1/bin/../lib/gcc/arm-none-eabi/5.4.1/../../../../arm-none-eabi/lib/armv7-m\libg_nano.a(lib_a-reent.o)

.debug_str      0x00000000     0x1bcc
 *(.debug_str)
 .debug_str     0x00000000      0x279 .\CortexM3\ARM_GCC_541\Debug\main.o
                                0x2e7 (size before relaxing)
 .debug_str     0x00000279       0x34 .\CortexM3\ARM_GCC_541\Debug\CustomPrint.o
                                0x233 (size before relaxing)
 .debug_str     0x000002ad      0x180 .\CortexM3\ARM_GCC_541\Debug\cyfitter_cfg.o
                                0x330 (size before relaxing)
 .debug_str     0x0000042d       0x75 .\CortexM3\ARM_GCC_541\Debug\cymetadata.o
                                0x205 (size before relaxing)
 .debug_str     0x000004a2      0x144 .\CortexM3\ARM_GCC_541\Debug\Cm3Start.o
                                0x32b (size before relaxing)
 .debug_str     0x000005e6      0x84e .\CortexM3\ARM_GCC_541\Debug\Opgave1_I2C.a(CyLib.o)
                                0xa68 (size before relaxing)
 .debug_str     0x00000e34      0x365 .\CortexM3\ARM_GCC_541\Debug\Opgave1_I2C.a(cyPm.o)
                                0x754 (size before relaxing)
 .debug_str     0x00001199      0x289 .\CortexM3\ARM_GCC_541\Debug\Opgave1_I2C.a(UART_CT.o)
                                0x4f3 (size before relaxing)
 .debug_str     0x00001422      0x126 .\CortexM3\ARM_GCC_541\Debug\Opgave1_I2C.a(isr_UART_CT.o)
                                0x31b (size before relaxing)
 .debug_str     0x00001548      0x1a1 .\CortexM3\ARM_GCC_541\Debug\Opgave1_I2C.a(UART_CT_IntClock.o)
                                0x37b (size before relaxing)
 .debug_str     0x000016e9      0x1f3 .\CortexM3\ARM_GCC_541\Debug\Opgave1_I2C.a(I2C_M_MASTER.o)
                                0x3f3 (size before relaxing)
 .debug_str     0x000018dc      0x1b4 .\CortexM3\ARM_GCC_541\Debug\Opgave1_I2C.a(CyFlash.o)
                                0x3e1 (size before relaxing)
 .debug_str     0x00001a90       0xac .\CortexM3\ARM_GCC_541\Debug\Opgave1_I2C.a(CySpc.o)
                                0x359 (size before relaxing)
 .debug_str     0x00001b3c       0x5c .\CortexM3\ARM_GCC_541\Debug\Opgave1_I2C.a(I2C_M.o)
                                0x2ad (size before relaxing)
 .debug_str     0x00001b98       0x34 .\CortexM3\ARM_GCC_541\Debug\Opgave1_I2C.a(I2C_M_INT.o)
                                0x296 (size before relaxing)

.debug_loc      0x00000000     0x2500
 *(.debug_loc)
 .debug_loc     0x00000000       0x8f .\CortexM3\ARM_GCC_541\Debug\main.o
 .debug_loc     0x0000008f      0x169 .\CortexM3\ARM_GCC_541\Debug\CustomPrint.o
 .debug_loc     0x000001f8      0x1d7 .\CortexM3\ARM_GCC_541\Debug\cyfitter_cfg.o
 .debug_loc     0x000003cf      0x144 .\CortexM3\ARM_GCC_541\Debug\Cm3Start.o
 .debug_loc     0x00000513      0xa11 .\CortexM3\ARM_GCC_541\Debug\Opgave1_I2C.a(CyLib.o)
 .debug_loc     0x00000f24      0x1e4 .\CortexM3\ARM_GCC_541\Debug\Opgave1_I2C.a(cyPm.o)
 .debug_loc     0x00001108      0x258 .\CortexM3\ARM_GCC_541\Debug\Opgave1_I2C.a(UART_CT.o)
 .debug_loc     0x00001360       0x56 .\CortexM3\ARM_GCC_541\Debug\Opgave1_I2C.a(isr_UART_CT.o)
 .debug_loc     0x000013b6      0x128 .\CortexM3\ARM_GCC_541\Debug\Opgave1_I2C.a(UART_CT_IntClock.o)
 .debug_loc     0x000014de      0x52f .\CortexM3\ARM_GCC_541\Debug\Opgave1_I2C.a(I2C_M_MASTER.o)
 .debug_loc     0x00001a0d      0x3b2 .\CortexM3\ARM_GCC_541\Debug\Opgave1_I2C.a(CyFlash.o)
 .debug_loc     0x00001dbf      0x705 .\CortexM3\ARM_GCC_541\Debug\Opgave1_I2C.a(CySpc.o)
 .debug_loc     0x000024c4       0x13 .\CortexM3\ARM_GCC_541\Debug\Opgave1_I2C.a(I2C_M.o)
 .debug_loc     0x000024d7       0x29 .\CortexM3\ARM_GCC_541\Debug\Opgave1_I2C.a(I2C_M_INT.o)

.debug_macinfo
 *(.debug_macinfo)

.debug_ranges   0x00000000      0x708
 *(.debug_ranges)
 .debug_ranges  0x00000000       0x18 .\CortexM3\ARM_GCC_541\Debug\main.o
 .debug_ranges  0x00000018       0x18 .\CortexM3\ARM_GCC_541\Debug\CustomPrint.o
 .debug_ranges  0x00000030       0x48 .\CortexM3\ARM_GCC_541\Debug\cyfitter_cfg.o
 .debug_ranges  0x00000078       0x38 .\CortexM3\ARM_GCC_541\Debug\Cm3Start.o
 .debug_ranges  0x000000b0      0x290 .\CortexM3\ARM_GCC_541\Debug\Opgave1_I2C.a(CyLib.o)
 .debug_ranges  0x00000340       0x88 .\CortexM3\ARM_GCC_541\Debug\Opgave1_I2C.a(cyPm.o)
 .debug_ranges  0x000003c8       0xe0 .\CortexM3\ARM_GCC_541\Debug\Opgave1_I2C.a(UART_CT.o)
 .debug_ranges  0x000004a8       0x70 .\CortexM3\ARM_GCC_541\Debug\Opgave1_I2C.a(isr_UART_CT.o)
 .debug_ranges  0x00000518       0x60 .\CortexM3\ARM_GCC_541\Debug\Opgave1_I2C.a(UART_CT_IntClock.o)
 .debug_ranges  0x00000578       0x70 .\CortexM3\ARM_GCC_541\Debug\Opgave1_I2C.a(I2C_M_MASTER.o)
 .debug_ranges  0x000005e8       0x78 .\CortexM3\ARM_GCC_541\Debug\Opgave1_I2C.a(CyFlash.o)
 .debug_ranges  0x00000660       0x70 .\CortexM3\ARM_GCC_541\Debug\Opgave1_I2C.a(CySpc.o)
 .debug_ranges  0x000006d0       0x28 .\CortexM3\ARM_GCC_541\Debug\Opgave1_I2C.a(I2C_M.o)
 .debug_ranges  0x000006f8       0x10 .\CortexM3\ARM_GCC_541\Debug\Opgave1_I2C.a(I2C_M_INT.o)

.comment        0x00000000       0x6e
 .comment       0x00000000       0x6e .\CortexM3\ARM_GCC_541\Debug\main.o
                                 0x6f (size before relaxing)
 .comment       0x0000006e       0x6f .\CortexM3\ARM_GCC_541\Debug\CustomPrint.o
 .comment       0x0000006e       0x6f .\CortexM3\ARM_GCC_541\Debug\cyfitter_cfg.o
 .comment       0x0000006e       0x6f .\CortexM3\ARM_GCC_541\Debug\cymetadata.o
 .comment       0x0000006e       0x6f .\CortexM3\ARM_GCC_541\Debug\Cm3Start.o
 .comment       0x0000006e       0x6f .\CortexM3\ARM_GCC_541\Debug\Opgave1_I2C.a(CyLib.o)
 .comment       0x0000006e       0x6f .\CortexM3\ARM_GCC_541\Debug\Opgave1_I2C.a(cyPm.o)
 .comment       0x0000006e       0x6f .\CortexM3\ARM_GCC_541\Debug\Opgave1_I2C.a(UART_CT.o)
 .comment       0x0000006e       0x6f .\CortexM3\ARM_GCC_541\Debug\Opgave1_I2C.a(isr_UART_CT.o)
 .comment       0x0000006e       0x6f .\CortexM3\ARM_GCC_541\Debug\Opgave1_I2C.a(UART_CT_IntClock.o)
 .comment       0x0000006e       0x6f .\CortexM3\ARM_GCC_541\Debug\Opgave1_I2C.a(I2C_M_MASTER.o)
 .comment       0x0000006e       0x6f .\CortexM3\ARM_GCC_541\Debug\Opgave1_I2C.a(CyFlash.o)
 .comment       0x0000006e       0x6f .\CortexM3\ARM_GCC_541\Debug\Opgave1_I2C.a(CySpc.o)
 .comment       0x0000006e       0x6f .\CortexM3\ARM_GCC_541\Debug\Opgave1_I2C.a(I2C_M.o)
 .comment       0x0000006e       0x6f .\CortexM3\ARM_GCC_541\Debug\Opgave1_I2C.a(I2C_M_INT.o)

.debug_weaknames
 *(.debug_weaknames)

.debug_funcnames
 *(.debug_funcnames)

.debug_typenames
 *(.debug_typenames)

.debug_varnames
 *(.debug_varnames)

.note.gnu.arm.ident
 *(.note.gnu.arm.ident)

.ARM.attributes
                0x00000000       0x29
 *(.ARM.attributes)
 .ARM.attributes
                0x00000000       0x1d s:/program files (x86)/cypress/psoc creator/4.4/psoc creator/import/gnu/arm/5.4.1/bin/../lib/gcc/arm-none-eabi/5.4.1/armv7-m/crti.o
 .ARM.attributes
                0x0000001d       0x2d s:/program files (x86)/cypress/psoc creator/4.4/psoc creator/import/gnu/arm/5.4.1/bin/../lib/gcc/arm-none-eabi/5.4.1/armv7-m/crtbegin.o
 .ARM.attributes
                0x0000004a       0x1b s:/program files (x86)/cypress/psoc creator/4.4/psoc creator/import/gnu/arm/5.4.1/bin/../lib/gcc/arm-none-eabi/5.4.1/../../../../arm-none-eabi/lib/armv7-m/crt0.o
 .ARM.attributes
                0x00000065       0x33 .\CortexM3\ARM_GCC_541\Debug\main.o
 .ARM.attributes
                0x00000098       0x33 .\CortexM3\ARM_GCC_541\Debug\CustomPrint.o
 .ARM.attributes
                0x000000cb       0x33 .\CortexM3\ARM_GCC_541\Debug\cyfitter_cfg.o
 .ARM.attributes
                0x000000fe       0x33 .\CortexM3\ARM_GCC_541\Debug\cymetadata.o
 .ARM.attributes
                0x00000131       0x33 .\CortexM3\ARM_GCC_541\Debug\Cm3Start.o
 .ARM.attributes
                0x00000164       0x33 .\CortexM3\ARM_GCC_541\Debug\Opgave1_I2C.a(CyLib.o)
 .ARM.attributes
                0x00000197       0x33 .\CortexM3\ARM_GCC_541\Debug\Opgave1_I2C.a(cyPm.o)
 .ARM.attributes
                0x000001ca       0x33 .\CortexM3\ARM_GCC_541\Debug\Opgave1_I2C.a(UART_CT.o)
 .ARM.attributes
                0x000001fd       0x33 .\CortexM3\ARM_GCC_541\Debug\Opgave1_I2C.a(isr_UART_CT.o)
 .ARM.attributes
                0x00000230       0x33 .\CortexM3\ARM_GCC_541\Debug\Opgave1_I2C.a(UART_CT_IntClock.o)
 .ARM.attributes
                0x00000263       0x33 .\CortexM3\ARM_GCC_541\Debug\Opgave1_I2C.a(I2C_M_MASTER.o)
 .ARM.attributes
                0x00000296       0x21 .\CortexM3\ARM_GCC_541\Debug\Opgave1_I2C.a(CyBootAsmGnu.o)
 .ARM.attributes
                0x000002b7       0x33 .\CortexM3\ARM_GCC_541\Debug\Opgave1_I2C.a(CyFlash.o)
 .ARM.attributes
                0x000002ea       0x33 .\CortexM3\ARM_GCC_541\Debug\Opgave1_I2C.a(CySpc.o)
 .ARM.attributes
                0x0000031d       0x33 .\CortexM3\ARM_GCC_541\Debug\Opgave1_I2C.a(I2C_M.o)
 .ARM.attributes
                0x00000350       0x33 .\CortexM3\ARM_GCC_541\Debug\Opgave1_I2C.a(I2C_M_INT.o)
 .ARM.attributes
                0x00000383       0x1d s:/program files (x86)/cypress/psoc creator/4.4/psoc creator/import/gnu/arm/5.4.1/bin/../lib/gcc/arm-none-eabi/5.4.1/armv7-m\libgcc.a(_arm_addsubdf3.o)
 .ARM.attributes
                0x000003a0       0x2d s:/program files (x86)/cypress/psoc creator/4.4/psoc creator/import/gnu/arm/5.4.1/bin/../lib/gcc/arm-none-eabi/5.4.1/../../../../arm-none-eabi/lib/armv7-m\libg_nano.a(lib_a-errno.o)
 .ARM.attributes
                0x000003cd       0x2d s:/program files (x86)/cypress/psoc creator/4.4/psoc creator/import/gnu/arm/5.4.1/bin/../lib/gcc/arm-none-eabi/5.4.1/../../../../arm-none-eabi/lib/armv7-m\libg_nano.a(lib_a-exit.o)
 .ARM.attributes
                0x000003fa       0x2d s:/program files (x86)/cypress/psoc creator/4.4/psoc creator/import/gnu/arm/5.4.1/bin/../lib/gcc/arm-none-eabi/5.4.1/../../../../arm-none-eabi/lib/armv7-m\libg_nano.a(lib_a-impure.o)
 .ARM.attributes
                0x00000427       0x2d s:/program files (x86)/cypress/psoc creator/4.4/psoc creator/import/gnu/arm/5.4.1/bin/../lib/gcc/arm-none-eabi/5.4.1/../../../../arm-none-eabi/lib/armv7-m\libg_nano.a(lib_a-init.o)
 .ARM.attributes
                0x00000454       0x2d s:/program files (x86)/cypress/psoc creator/4.4/psoc creator/import/gnu/arm/5.4.1/bin/../lib/gcc/arm-none-eabi/5.4.1/../../../../arm-none-eabi/lib/armv7-m\libg_nano.a(lib_a-memcpy-stub.o)
 .ARM.attributes
                0x00000481       0x2d s:/program files (x86)/cypress/psoc creator/4.4/psoc creator/import/gnu/arm/5.4.1/bin/../lib/gcc/arm-none-eabi/5.4.1/../../../../arm-none-eabi/lib/armv7-m\libg_nano.a(lib_a-memset.o)
 .ARM.attributes
                0x000004ae       0x2d s:/program files (x86)/cypress/psoc creator/4.4/psoc creator/import/gnu/arm/5.4.1/bin/../lib/gcc/arm-none-eabi/5.4.1/../../../../arm-none-eabi/lib/armv7-m\libg_nano.a(lib_a-snprintf.o)
 .ARM.attributes
                0x000004db       0x2d s:/program files (x86)/cypress/psoc creator/4.4/psoc creator/import/gnu/arm/5.4.1/bin/../lib/gcc/arm-none-eabi/5.4.1/../../../../arm-none-eabi/lib/armv7-m\libg_nano.a(lib_a-nano-svfprintf.o)
 .ARM.attributes
                0x00000508       0x2d s:/program files (x86)/cypress/psoc creator/4.4/psoc creator/import/gnu/arm/5.4.1/bin/../lib/gcc/arm-none-eabi/5.4.1/../../../../arm-none-eabi/lib/armv7-m\libg_nano.a(lib_a-nano-vfprintf_i.o)
 .ARM.attributes
                0x00000535       0x2d s:/program files (x86)/cypress/psoc creator/4.4/psoc creator/import/gnu/arm/5.4.1/bin/../lib/gcc/arm-none-eabi/5.4.1/../../../../arm-none-eabi/lib/armv7-m\libg_nano.a(lib_a-memchr-stub.o)
 .ARM.attributes
                0x00000562       0x2d s:/program files (x86)/cypress/psoc creator/4.4/psoc creator/import/gnu/arm/5.4.1/bin/../lib/gcc/arm-none-eabi/5.4.1/../../../../arm-none-eabi/lib/armv7-m\libg_nano.a(lib_a-memmove.o)
 .ARM.attributes
                0x0000058f       0x2d s:/program files (x86)/cypress/psoc creator/4.4/psoc creator/import/gnu/arm/5.4.1/bin/../lib/gcc/arm-none-eabi/5.4.1/../../../../arm-none-eabi/lib/armv7-m\libg_nano.a(lib_a-nano-freer.o)
 .ARM.attributes
                0x000005bc       0x2d s:/program files (x86)/cypress/psoc creator/4.4/psoc creator/import/gnu/arm/5.4.1/bin/../lib/gcc/arm-none-eabi/5.4.1/../../../../arm-none-eabi/lib/armv7-m\libg_nano.a(lib_a-nano-mallocr.o)
 .ARM.attributes
                0x000005e9       0x2d s:/program files (x86)/cypress/psoc creator/4.4/psoc creator/import/gnu/arm/5.4.1/bin/../lib/gcc/arm-none-eabi/5.4.1/../../../../arm-none-eabi/lib/armv7-m\libg_nano.a(lib_a-nano-reallocr.o)
 .ARM.attributes
                0x00000616       0x2d s:/program files (x86)/cypress/psoc creator/4.4/psoc creator/import/gnu/arm/5.4.1/bin/../lib/gcc/arm-none-eabi/5.4.1/../../../../arm-none-eabi/lib/armv7-m\libg_nano.a(lib_a-sbrkr.o)
 .ARM.attributes
                0x00000643       0x2d s:/program files (x86)/cypress/psoc creator/4.4/psoc creator/import/gnu/arm/5.4.1/bin/../lib/gcc/arm-none-eabi/5.4.1/../../../../arm-none-eabi/lib/armv7-m\libg_nano.a(lib_a-mlock.o)
 .ARM.attributes
                0x00000670       0x2d s:/program files (x86)/cypress/psoc creator/4.4/psoc creator/import/gnu/arm/5.4.1/bin/../lib/gcc/arm-none-eabi/5.4.1/../../../../arm-none-eabi/lib/armv7-m\libg_nano.a(lib_a-nano-msizer.o)
 .ARM.attributes
                0x0000069d       0x2d s:/program files (x86)/cypress/psoc creator/4.4/psoc creator/import/gnu/arm/5.4.1/bin/../lib/gcc/arm-none-eabi/5.4.1/../../../../arm-none-eabi/lib/armv7-m\libg_nano.a(lib_a-reent.o)
 .ARM.attributes
                0x000006ca       0x2d s:/program files (x86)/cypress/psoc creator/4.4/psoc creator/import/gnu/arm/5.4.1/bin/../lib/gcc/arm-none-eabi/5.4.1/armv7-m/crtend.o
 .ARM.attributes
                0x000006f7       0x1d s:/program files (x86)/cypress/psoc creator/4.4/psoc creator/import/gnu/arm/5.4.1/bin/../lib/gcc/arm-none-eabi/5.4.1/armv7-m/crtn.o

/DISCARD/
 *(.note.GNU-stack)
OUTPUT(G:\My Drive\AU\SW\2semester\GFV\210929 ComBusses pt2\GFVAflevering2\Project\Lab2\Opgave1_I2C.cydsn\CortexM3\ARM_GCC_541\Debug\Opgave1_I2C.elf elf32-littlearm)
