Archive member included to satisfy reference by file (symbol)

.\CortexM3\ARM_GCC_541\Debug\Opgave2_SPI_Slave.a(SPI_S.o)
                              .\CortexM3\ARM_GCC_541\Debug\main.o (SPI_S_ReadRxData)
.\CortexM3\ARM_GCC_541\Debug\Opgave2_SPI_Slave.a(Pin_SW1.o)
                              .\CortexM3\ARM_GCC_541\Debug\main.o (Pin_SW1_Read)
.\CortexM3\ARM_GCC_541\Debug\Opgave2_SPI_Slave.a(Pin_LED1.o)
                              .\CortexM3\ARM_GCC_541\Debug\main.o (Pin_LED1_Write)
.\CortexM3\ARM_GCC_541\Debug\Opgave2_SPI_Slave.a(CyLib.o)
                              .\CortexM3\ARM_GCC_541\Debug\Cm3Start.o (CyHalt)
.\CortexM3\ARM_GCC_541\Debug\Opgave2_SPI_Slave.a(cyPm.o)
                              .\CortexM3\ARM_GCC_541\Debug\Opgave2_SPI_Slave.a(CyLib.o) (CyPmReadStatus)
.\CortexM3\ARM_GCC_541\Debug\Opgave2_SPI_Slave.a(isr_SPI_rx.o)
                              .\CortexM3\ARM_GCC_541\Debug\main.o (isr_SPI_rx_StartEx)
.\CortexM3\ARM_GCC_541\Debug\Opgave2_SPI_Slave.a(UART_CT.o)
                              .\CortexM3\ARM_GCC_541\Debug\main.o (UART_CT_Start)
.\CortexM3\ARM_GCC_541\Debug\Opgave2_SPI_Slave.a(UART_CT_IntClock.o)
                              .\CortexM3\ARM_GCC_541\Debug\Opgave2_SPI_Slave.a(UART_CT.o) (UART_CT_IntClock_Start)
.\CortexM3\ARM_GCC_541\Debug\Opgave2_SPI_Slave.a(CyBootAsmGnu.o)
                              .\CortexM3\ARM_GCC_541\Debug\cyfitter_cfg.o (CyDelayCycles)
.\CortexM3\ARM_GCC_541\Debug\Opgave2_SPI_Slave.a(CyFlash.o)
                              .\CortexM3\ARM_GCC_541\Debug\Opgave2_SPI_Slave.a(cyPm.o) (CyFlash_SetWaitCycles)
.\CortexM3\ARM_GCC_541\Debug\Opgave2_SPI_Slave.a(CySpc.o)
                              .\CortexM3\ARM_GCC_541\Debug\Opgave2_SPI_Slave.a(CyFlash.o) (CySpcStart)
s:/program files (x86)/cypress/psoc creator/4.4/psoc creator/import/gnu/arm/5.4.1/bin/../lib/gcc/arm-none-eabi/5.4.1/armv7-m\libgcc.a(_arm_addsubdf3.o)
                              .\CortexM3\ARM_GCC_541\Debug\CustomPrint.o (__aeabi_f2d)
s:/program files (x86)/cypress/psoc creator/4.4/psoc creator/import/gnu/arm/5.4.1/bin/../lib/gcc/arm-none-eabi/5.4.1/../../../../arm-none-eabi/lib/armv7-m\libg_nano.a(lib_a-errno.o)
                              .\CortexM3\ARM_GCC_541\Debug\Cm3Start.o (__errno)
s:/program files (x86)/cypress/psoc creator/4.4/psoc creator/import/gnu/arm/5.4.1/bin/../lib/gcc/arm-none-eabi/5.4.1/../../../../arm-none-eabi/lib/armv7-m\libg_nano.a(lib_a-exit.o)
                              s:/program files (x86)/cypress/psoc creator/4.4/psoc creator/import/gnu/arm/5.4.1/bin/../lib/gcc/arm-none-eabi/5.4.1/../../../../arm-none-eabi/lib/armv7-m/crt0.o (exit)
s:/program files (x86)/cypress/psoc creator/4.4/psoc creator/import/gnu/arm/5.4.1/bin/../lib/gcc/arm-none-eabi/5.4.1/../../../../arm-none-eabi/lib/armv7-m\libg_nano.a(lib_a-impure.o)
                              s:/program files (x86)/cypress/psoc creator/4.4/psoc creator/import/gnu/arm/5.4.1/bin/../lib/gcc/arm-none-eabi/5.4.1/../../../../arm-none-eabi/lib/armv7-m\libg_nano.a(lib_a-exit.o) (_global_impure_ptr)
s:/program files (x86)/cypress/psoc creator/4.4/psoc creator/import/gnu/arm/5.4.1/bin/../lib/gcc/arm-none-eabi/5.4.1/../../../../arm-none-eabi/lib/armv7-m\libg_nano.a(lib_a-init.o)
                              s:/program files (x86)/cypress/psoc creator/4.4/psoc creator/import/gnu/arm/5.4.1/bin/../lib/gcc/arm-none-eabi/5.4.1/../../../../arm-none-eabi/lib/armv7-m/crt0.o (__libc_init_array)
s:/program files (x86)/cypress/psoc creator/4.4/psoc creator/import/gnu/arm/5.4.1/bin/../lib/gcc/arm-none-eabi/5.4.1/../../../../arm-none-eabi/lib/armv7-m\libg_nano.a(lib_a-memcpy-stub.o)
                              .\CortexM3\ARM_GCC_541\Debug\cyfitter_cfg.o (memcpy)
s:/program files (x86)/cypress/psoc creator/4.4/psoc creator/import/gnu/arm/5.4.1/bin/../lib/gcc/arm-none-eabi/5.4.1/../../../../arm-none-eabi/lib/armv7-m\libg_nano.a(lib_a-memset.o)
                              s:/program files (x86)/cypress/psoc creator/4.4/psoc creator/import/gnu/arm/5.4.1/bin/../lib/gcc/arm-none-eabi/5.4.1/../../../../arm-none-eabi/lib/armv7-m/crt0.o (memset)
s:/program files (x86)/cypress/psoc creator/4.4/psoc creator/import/gnu/arm/5.4.1/bin/../lib/gcc/arm-none-eabi/5.4.1/../../../../arm-none-eabi/lib/armv7-m\libg_nano.a(lib_a-snprintf.o)
                              .\CortexM3\ARM_GCC_541\Debug\CustomPrint.o (snprintf)
s:/program files (x86)/cypress/psoc creator/4.4/psoc creator/import/gnu/arm/5.4.1/bin/../lib/gcc/arm-none-eabi/5.4.1/../../../../arm-none-eabi/lib/armv7-m\libg_nano.a(lib_a-nano-svfprintf.o)
                              s:/program files (x86)/cypress/psoc creator/4.4/psoc creator/import/gnu/arm/5.4.1/bin/../lib/gcc/arm-none-eabi/5.4.1/../../../../arm-none-eabi/lib/armv7-m\libg_nano.a(lib_a-snprintf.o) (_svfprintf_r)
s:/program files (x86)/cypress/psoc creator/4.4/psoc creator/import/gnu/arm/5.4.1/bin/../lib/gcc/arm-none-eabi/5.4.1/../../../../arm-none-eabi/lib/armv7-m\libg_nano.a(lib_a-nano-vfprintf_i.o)
[...]
Memory Configuration

Name             Origin             Length             Attributes
rom              0x00000000         0x00040000         xr
ram              0x1fff8000         0x00010000         xrw
*default*        0x00000000         0xffffffff

Linker script and memory map

LOAD s:/program files (x86)/cypress/psoc creator/4.4/psoc creator/import/gnu/arm/5.4.1/bin/../lib/gcc/arm-none-eabi/5.4.1/armv7-m/crti.o
LOAD s:/program files (x86)/cypress/psoc creator/4.4/psoc creator/import/gnu/arm/5.4.1/bin/../lib/gcc/arm-none-eabi/5.4.1/armv7-m/crtbegin.o
LOAD s:/program files (x86)/cypress/psoc creator/4.4/psoc creator/import/gnu/arm/5.4.1/bin/../lib/gcc/arm-none-eabi/5.4.1/../../../../arm-none-eabi/lib/armv7-m/crt0.o
START GROUP
LOAD .\CortexM3\ARM_GCC_541\Debug\main.o
LOAD .\CortexM3\ARM_GCC_541\Debug\CustomPrint.o
LOAD .\CortexM3\ARM_GCC_541\Debug\cyfitter_cfg.o
LOAD .\CortexM3\ARM_GCC_541\Debug\cymetadata.o
LOAD .\CortexM3\ARM_GCC_541\Debug\Cm3Start.o
LOAD .\CortexM3\ARM_GCC_541\Debug\Opgave2_SPI_Slave.a
LOAD S:\Program Files (x86)\Cypress\PSoC Creator\4.4\PSoC Creator\psoc\content\cycomponentlibrary\CyComponentLibrary.cylib\CortexM3\ARM_GCC_541\Debug\CyComponentLibrary.a
END GROUP
START GROUP
LOAD s:/program files (x86)/cypress/psoc creator/4.4/psoc creator/import/gnu/arm/5.4.1/bin/../lib/gcc/arm-none-eabi/5.4.1/armv7-m\libgcc.a
LOAD s:/program files (x86)/cypress/psoc creator/4.4/psoc creator/import/gnu/arm/5.4.1/bin/../lib/gcc/arm-none-eabi/5.4.1/../../../../arm-none-eabi/lib/armv7-m\libg_nano.a
LOAD s:/program files (x86)/cypress/psoc creator/4.4/psoc creator/import/gnu/arm/5.4.1/bin/../lib/gcc/arm-none-eabi/5.4.1/../../../../arm-none-eabi/lib/armv7-m\libc_nano.a
END GROUP
START GROUP
LOAD s:/program files (x86)/cypress/psoc creator/4.4/psoc creator/import/gnu/arm/5.4.1/bin/../lib/gcc/arm-none-eabi/5.4.1/armv7-m\libgcc.a
LOAD s:/program files (x86)/cypress/psoc creator/4.4/psoc creator/import/gnu/arm/5.4.1/bin/../lib/gcc/arm-none-eabi/5.4.1/../../../../arm-none-eabi/lib/armv7-m\libc_nano.a
END GROUP
LOAD s:/program files (x86)/cypress/psoc creator/4.4/psoc creator/import/gnu/arm/5.4.1/bin/../lib/gcc/arm-none-eabi/5.4.1/armv7-m/crtend.o
LOAD s:/program files (x86)/cypress/psoc creator/4.4/psoc creator/import/gnu/arm/5.4.1/bin/../lib/gcc/arm-none-eabi/5.4.1/armv7-m/crtn.o
START GROUP
LOAD s:/program files (x86)/cypress/psoc creator/4.4/psoc creator/import/gnu/arm/5.4.1/bin/../lib/gcc/arm-none-eabi/5.4.1/armv7-m\libgcc.a
LOAD s:/program files (x86)/cypress/psoc creator/4.4/psoc creator/import/gnu/arm/5.4.1/bin/../lib/gcc/arm-none-eabi/5.4.1/../../../../arm-none-eabi/lib/armv7-m\libc.a
LOAD s:/program files (x86)/cypress/psoc creator/4.4/psoc creator/import/gnu/arm/5.4.1/bin/../lib/gcc/arm-none-eabi/5.4.1/../../../../arm-none-eabi/lib/armv7-m\libnosys.a
END GROUP
                0x00000000                CY_APPL_ORIGIN = 0x0
                0x00000100                CY_FLASH_ROW_SIZE = 0x100
                0x00000020                CY_ECC_ROW_SIZE = 0x20
                0x00000000                CY_EE_IN_BTLDR = 0x0
                0x00000000                CY_APPL_LOADABLE = 0x0
                0x00000800                CY_EE_SIZE = 0x800
                0x00000001                CY_APPL_NUM = 0x1
                0x00000001                CY_APPL_MAX = 0x1
                0x00000040                CY_METADATA_SIZE = 0x40
                0x00000000                CY_APPL_LOADABLE = 0x0
                0x00000000                CY_CHECKSUM_EXCLUDE_SIZE = ALIGN (0x0, CY_FLASH_ROW_SIZE)
                [!provide]                PROVIDE (__cy_heap_start, _end)
                0x00000001                PROVIDE (__cy_region_num, ((__cy_regions_end - __cy_regions) / 0x10))
                0x20008000                PROVIDE (__cy_stack, (ORIGIN (ram) + LENGTH (ram)))
                [!provide]                PROVIDE (__cy_heap_end, (__cy_stack - 0x800))

.cybootloader   0x00000000        0x0
 *(.cybootloader)
                0x00000000                appl1_start = CY_APPL_ORIGIN?CY_APPL_ORIGIN:ALIGN (CY_FLASH_ROW_SIZE)
                0x0001ff00                appl2_start = (appl1_start + ALIGN ((((LENGTH (rom) - appl1_start) - (0x2 * CY_FLASH_ROW_SIZE)) / 0x2), CY_FLASH_ROW_SIZE))
                0x00000000                appl_start = (CY_APPL_NUM == 0x1)?appl1_start:appl2_start
                0x00000000                ecc_offset = ((appl_start / CY_FLASH_ROW_SIZE) * CY_ECC_ROW_SIZE)
                0x00000000                ee_offset = (CY_APPL_LOADABLE && ! (CY_EE_IN_BTLDR))?((CY_EE_SIZE / CY_APPL_MAX) * (CY_APPL_NUM - 0x1)):0x0
                0x00000800                ee_size = (CY_APPL_LOADABLE && ! (CY_EE_IN_BTLDR))?(CY_EE_SIZE / CY_APPL_MAX):CY_EE_SIZE
                [!provide]                PROVIDE (CY_ECC_OFFSET, ecc_offset)

.text           0x00000000      0x6fe
 CREATE_OBJECT_SYMBOLS
                0x00000000                PROVIDE (__cy_interrupt_vector, RomVectors)
 *(.romvectors)
 .romvectors    0x00000000       0x10 .\CortexM3\ARM_GCC_541\Debug\Cm3Start.o
                0x00000000                RomVectors
                0x00000001                ASSERT ((. != __cy_interrupt_vector), No interrupt vector)
                0x00000001                ASSERT (CY_APPL_ORIGIN?(SIZEOF (.cybootloader) <= CY_APPL_ORIGIN):0x1, Wrong image location)
                0x00000010                PROVIDE (__cy_reset, Reset)
 *(.text.Reset)
 .text.Reset    0x00000010       0x18 .\CortexM3\ARM_GCC_541\Debug\Cm3Start.o
                0x00000010                Reset
                0x00000001                ASSERT ((. != __cy_reset), No reset code)
 *(.dma_init)
                0x00000001                ASSERT ((((appl_start + .) <= 0x10000) || 0x1), DMA Init must be within the first 64k of flash)
 *(.text .text.* .gnu.linkonce.t.*)
 .text          0x00000028       0x5c s:/program files (x86)/cypress/psoc creator/4.4/psoc creator/import/gnu/arm/5.4.1/bin/../lib/gcc/arm-none-eabi/5.4.1/armv7-m/crtbegin.o
 .text.SPI_Rx_Handler
                0x00000084       0x14 .\CortexM3\ARM_GCC_541\Debug\main.o
                0x00000084                SPI_Rx_Handler
 .text.main     0x00000098       0x6c .\CortexM3\ARM_GCC_541\Debug\main.o
                0x00000098                main
 .text.CyClockStartupError
                0x00000104        0x4 .\CortexM3\ARM_GCC_541\Debug\cyfitter_cfg.o
 .text.cfg_write_bytes32
                0x00000108       0x34 .\CortexM3\ARM_GCC_541\Debug\cyfitter_cfg.o
 .text.AnalogSetDefault
                0x0000013c       0x28 .\CortexM3\ARM_GCC_541\Debug\cyfitter_cfg.o
 .text.CYMEMZERO
                0x00000164        0xc .\CortexM3\ARM_GCC_541\Debug\cyfitter_cfg.o
 .text.ClockSetup
                0x00000170       0xc8 .\CortexM3\ARM_GCC_541\Debug\cyfitter_cfg.o
 .text.CYCONFIGCPY
                0x00000238        0x8 .\CortexM3\ARM_GCC_541\Debug\cyfitter_cfg.o
 .text.cyfitter_cfg
                0x00000240      0x110 .\CortexM3\ARM_GCC_541\Debug\cyfitter_cfg.o
                0x00000240                cyfitter_cfg
 .text.IntDefaultHandler
                0x00000350       0x10 .\CortexM3\ARM_GCC_541\Debug\Cm3Start.o
                0x00000350                IntDefaultHandler
 .text.Start_c  0x00000360       0x4c .\CortexM3\ARM_GCC_541\Debug\Cm3Start.o
                0x00000360                Start_c
 .text.initialize_psoc
                0x000003ac       0x68 .\CortexM3\ARM_GCC_541\Debug\Cm3Start.o
                0x000003ac                initialize_psoc
 .text.SPI_S_Enable
                0x00000414       0x30 .\CortexM3\ARM_GCC_541\Debug\Opgave2_SPI_Slave.a(SPI_S.o)
                0x00000414                SPI_S_Enable
 .text.SPI_S_ReadTxStatus
                0x00000444        0xc .\CortexM3\ARM_GCC_541\Debug\Opgave2_SPI_Slave.a(SPI_S.o)
                0x00000444                SPI_S_ReadTxStatus
 .text.SPI_S_ReadRxStatus
                0x00000450        0xc .\CortexM3\ARM_GCC_541\Debug\Opgave2_SPI_Slave.a(SPI_S.o)
                0x00000450                SPI_S_ReadRxStatus
 .text.SPI_S_ReadRxData
                0x0000045c        0xc .\CortexM3\ARM_GCC_541\Debug\Opgave2_SPI_Slave.a(SPI_S.o)
                0x0000045c                SPI_S_ReadRxData
 .text.SPI_S_ClearFIFO
                0x00000468       0x3c .\CortexM3\ARM_GCC_541\Debug\Opgave2_SPI_Slave.a(SPI_S.o)
                0x00000468                SPI_S_ClearFIFO
 .text.SPI_S_Init
                0x000004a4       0x2c .\CortexM3\ARM_GCC_541\Debug\Opgave2_SPI_Slave.a(SPI_S.o)
                0x000004a4                SPI_S_Init
 .text.SPI_S_Start
                0x000004d0       0x1c .\CortexM3\ARM_GCC_541\Debug\Opgave2_SPI_Slave.a(SPI_S.o)
                0x000004d0                SPI_S_Start
 .text.Pin_SW1_Read
                0x000004ec       0x10 .\CortexM3\ARM_GCC_541\Debug\Opgave2_SPI_Slave.a(Pin_SW1.o)
                0x000004ec                Pin_SW1_Read
 .text.Pin_LED1_Write
                0x000004fc       0x18 .\CortexM3\ARM_GCC_541\Debug\Opgave2_SPI_Slave.a(Pin_LED1.o)
                0x000004fc                Pin_LED1_Write
 .text.CyDelay  0x00000514       0x2c .\CortexM3\ARM_GCC_541\Debug\Opgave2_SPI_Slave.a(CyLib.o)
                0x00000514                CyDelay
 .text.isr_SPI_rx_SetVector
                0x00000540        0xc .\CortexM3\ARM_GCC_541\Debug\Opgave2_SPI_Slave.a(isr_SPI_rx.o)
                0x00000540                isr_SPI_rx_SetVector
 .text.isr_SPI_rx_SetPriority
                0x0000054c       0x10 .\CortexM3\ARM_GCC_541\Debug\Opgave2_SPI_Slave.a(isr_SPI_rx.o)
                0x0000054c                isr_SPI_rx_SetPriority
 .text.isr_SPI_rx_Enable
                0x0000055c        0xc .\CortexM3\ARM_GCC_541\Debug\Opgave2_SPI_Slave.a(isr_SPI_rx.o)
                0x0000055c                isr_SPI_rx_Enable
 .text.isr_SPI_rx_Disable
                0x00000568        0xc .\CortexM3\ARM_GCC_541\Debug\Opgave2_SPI_Slave.a(isr_SPI_rx.o)
                0x00000568                isr_SPI_rx_Disable
 .text.isr_SPI_rx_StartEx
                0x00000574       0x1c .\CortexM3\ARM_GCC_541\Debug\Opgave2_SPI_Slave.a(isr_SPI_rx.o)
                0x00000574                isr_SPI_rx_StartEx
 .text.UART_CT_Init
                0x00000590       0x24 .\CortexM3\ARM_GCC_541\Debug\Opgave2_SPI_Slave.a(UART_CT.o)
                0x00000590                UART_CT_Init
 .text.UART_CT_Enable
                0x000005b4       0x38 .\CortexM3\ARM_GCC_541\Debug\Opgave2_SPI_Slave.a(UART_CT.o)
                0x000005b4                UART_CT_Enable
 .text.UART_CT_Start
                0x000005ec       0x1c .\CortexM3\ARM_GCC_541\Debug\Opgave2_SPI_Slave.a(UART_CT.o)
                0x000005ec                UART_CT_Start
 .text.UART_CT_PutChar
                0x00000608       0x18 .\CortexM3\ARM_GCC_541\Debug\Opgave2_SPI_Slave.a(UART_CT.o)
                0x00000608                UART_CT_PutChar
 .text.UART_CT_PutString
                0x00000620       0x24 .\CortexM3\ARM_GCC_541\Debug\Opgave2_SPI_Slave.a(UART_CT.o)
                0x00000620                UART_CT_PutString
 .text.UART_CT_IntClock_Start
                0x00000644       0x1c .\CortexM3\ARM_GCC_541\Debug\Opgave2_SPI_Slave.a(UART_CT_IntClock.o)
                0x00000644                UART_CT_IntClock_Start
 .text          0x00000660       0x20 .\CortexM3\ARM_GCC_541\Debug\Opgave2_SPI_Slave.a(CyBootAsmGnu.o)
                0x00000660                CyDelayCycles
                0x00000670                CyEnterCriticalSection
                0x00000678                CyExitCriticalSection
 .text.__errno  0x00000680        0xc s:/program files (x86)/cypress/psoc creator/4.4/psoc creator/import/gnu/arm/5.4.1/bin/../lib/gcc/arm-none-eabi/5.4.1/../../../../arm-none-eabi/lib/armv7-m\libg_nano.a(lib_a-errno.o)
                0x00000680                __errno
 .text.__libc_init_array
                0x0000068c       0x4c s:/program files (x86)/cypress/psoc creator/4.4/psoc creator/import/gnu/arm/5.4.1/bin/../lib/gcc/arm-none-eabi/5.4.1/../../../../arm-none-eabi/lib/armv7-m\libg_nano.a(lib_a-init.o)
                0x0000068c                __libc_init_array
 .text.memcpy   0x000006d8       0x16 s:/program files (x86)/cypress/psoc creator/4.4/psoc creator/import/gnu/arm/5.4.1/bin/../lib/gcc/arm-none-eabi/5.4.1/../../../../arm-none-eabi/lib/armv7-m\libg_nano.a(lib_a-memcpy-stub.o)
                0x000006d8                memcpy
 .text.memset   0x000006ee       0x10 s:/program files (x86)/cypress/psoc creator/4.4/psoc creator/import/gnu/arm/5.4.1/bin/../lib/gcc/arm-none-eabi/5.4.1/../../../../arm-none-eabi/lib/armv7-m\libg_nano.a(lib_a-memset.o)
                0x000006ee                memset
 *(.plt)
 *(.gnu.warning)
 *(.glue_7t)
 .glue_7t       0x000006fe        0x0 linker stubs
 *(.glue_7)
 .glue_7        0x000006fe        0x0 linker stubs
 *(.vfp11_veneer)
 .vfp11_veneer  0x000006fe        0x0 linker stubs
 *(.bootloader)
 *(.ARM.extab* .gnu.linkonce.armextab.*)
 *(.gcc_except_table)

.v4_bx          0x00000700        0x0
 .v4_bx         0x00000700        0x0 linker stubs

.iplt           0x00000700        0x0
 .iplt          0x00000700        0x0 s:/program files (x86)/cypress/psoc creator/4.4/psoc creator/import/gnu/arm/5.4.1/bin/../lib/gcc/arm-none-eabi/5.4.1/armv7-m/crtbegin.o

.eh_frame_hdr
 *(.eh_frame_hdr)

.eh_frame       0x00000700        0x4
 *(.eh_frame)
 .eh_frame      0x00000700        0x0 s:/program files (x86)/cypress/psoc creator/4.4/psoc creator/import/gnu/arm/5.4.1/bin/../lib/gcc/arm-none-eabi/5.4.1/armv7-m/crtbegin.o
 .eh_frame      0x00000700        0x4 s:/program files (x86)/cypress/psoc creator/4.4/psoc creator/import/gnu/arm/5.4.1/bin/../lib/gcc/arm-none-eabi/5.4.1/armv7-m/crtend.o
                [!provide]                PROVIDE (__exidx_start, .)

.ARM.exidx
 *(.ARM.exidx* .gnu.linkonce.armexidx.*)
                0x00000704                __exidx_end = .

.rodata         0x00000704       0xac
 *(.rodata .rodata.* .gnu.linkonce.r.*)
 .rodata.str1.4
                0x00000704       0x38 .\CortexM3\ARM_GCC_541\Debug\main.o
                                 0x37 (size before relaxing)
 .rodata        0x0000073c       0x3a .\CortexM3\ARM_GCC_541\Debug\cyfitter_cfg.o
 .rodata.str1.1
                0x00000776        0x2 s:/program files (x86)/cypress/psoc creator/4.4/psoc creator/import/gnu/arm/5.4.1/bin/../lib/gcc/arm-none-eabi/5.4.1/../../../../arm-none-eabi/lib/armv7-m\libg_nano.a(lib_a-impure.o)
                0x00000778                . = ALIGN (0x4)
 *(.init)
 .init          0x00000778        0x4 s:/program files (x86)/cypress/psoc creator/4.4/psoc creator/import/gnu/arm/5.4.1/bin/../lib/gcc/arm-none-eabi/5.4.1/armv7-m/crti.o
                0x00000778                _init
 .init          0x0000077c        0x8 s:/program files (x86)/cypress/psoc creator/4.4/psoc creator/import/gnu/arm/5.4.1/bin/../lib/gcc/arm-none-eabi/5.4.1/armv7-m/crtn.o
                0x00000784                . = ALIGN (0x4)
                0x00000784                __preinit_array_start = .
 *(.preinit_array)
                0x00000784                __preinit_array_end = .
                0x00000784                . = ALIGN (0x4)
                0x00000784                __init_array_start = .
 *(SORT(.init_array.*))
 *(.init_array)
 .init_array    0x00000784        0x4 s:/program files (x86)/cypress/psoc creator/4.4/psoc creator/import/gnu/arm/5.4.1/bin/../lib/gcc/arm-none-eabi/5.4.1/armv7-m/crtbegin.o
 .init_array    0x00000788        0x4 .\CortexM3\ARM_GCC_541\Debug\Cm3Start.o
                0x0000078c                __init_array_end = .
                0x0000078c                . = ALIGN (0x4)
 *(.fini)
 .fini          0x0000078c        0x4 s:/program files (x86)/cypress/psoc creator/4.4/psoc creator/import/gnu/arm/5.4.1/bin/../lib/gcc/arm-none-eabi/5.4.1/armv7-m/crti.o
                0x0000078c                _fini
 .fini          0x00000790        0x8 s:/program files (x86)/cypress/psoc creator/4.4/psoc creator/import/gnu/arm/5.4.1/bin/../lib/gcc/arm-none-eabi/5.4.1/armv7-m/crtn.o
                0x00000798                . = ALIGN (0x4)
                0x00000798                __fini_array_start = .
 *(.fini_array)
 .fini_array    0x00000798        0x4 s:/program files (x86)/cypress/psoc creator/4.4/psoc creator/import/gnu/arm/5.4.1/bin/../lib/gcc/arm-none-eabi/5.4.1/armv7-m/crtbegin.o
 *(SORT(.fini_array.*))
                0x0000079c                __fini_array_end = .
                0x0000079c                . = ALIGN (0x4)
 *crtbegin.o(.ctors)
 *(EXCLUDE_FILE(*crtend.o) .ctors)
 *(SORT(.ctors.*))
 *crtend.o(.ctors)
                0x0000079c                . = ALIGN (0x4)
 *crtbegin.o(.dtors)
 *(EXCLUDE_FILE(*crtend.o) .dtors)
 *(SORT(.dtors.*))
 *crtend.o(.dtors)
                0x0000079c                . = ALIGN (0x4)
                0x0000079c                __cy_regions = .
                0x0000079c        0x4 LONG 0x7b0 __cy_region_init_ram
                0x000007a0        0x4 LONG 0x1fff80c8 __cy_region_start_data
                0x000007a4        0x4 LONG 0x78 __cy_region_init_size_ram
                0x000007a8        0x4 LONG 0x20 __cy_region_zero_size_ram
                0x000007ac                __cy_regions_end = .
                0x000007b0                . = ALIGN (0x8)
 *fill*         0x000007ac        0x4 
                0x000007b0                _etext = .

.cy_checksum_exclude
                0x000007b0        0x0
 *(.cy_checksum_exclude)

.ramvectors     0x1fff8000       0xc0
                0x1fff8000                __cy_region_start_ram = .
 *(.ramvectors)
 .ramvectors    0x1fff8000       0xc0 .\CortexM3\ARM_GCC_541\Debug\Cm3Start.o
                0x1fff8000                CyRamVectors

.noinit         0x1fff80c0        0x1
 *(.noinit)
 .noinit        0x1fff80c0        0x1 .\CortexM3\ARM_GCC_541\Debug\Opgave2_SPI_Slave.a(CyLib.o)
                0x1fff80c0                CyResetStatus

.data           0x1fff80c8       0x78 load address 0x000007b0
                0x1fff80c8                __cy_region_start_data = .
 *(.jcr)
 .jcr           0x1fff80c8        0x0 s:/program files (x86)/cypress/psoc creator/4.4/psoc creator/import/gnu/arm/5.4.1/bin/../lib/gcc/arm-none-eabi/5.4.1/armv7-m/crtbegin.o
 .jcr           0x1fff80c8        0x4 s:/program files (x86)/cypress/psoc creator/4.4/psoc creator/import/gnu/arm/5.4.1/bin/../lib/gcc/arm-none-eabi/5.4.1/armv7-m/crtend.o
 *(.got.plt)
 *(.got)
 *(.shdata)
 *(.data .data.* .gnu.linkonce.d.*)
 .data          0x1fff80cc       0x10 .\CortexM3\ARM_GCC_541\Debug\Opgave2_SPI_Slave.a(CyLib.o)
                0x1fff80cc                cydelay_32k_ms
                0x1fff80d0                cydelay_freq_khz
                0x1fff80d4                cydelay_freq_mhz
                0x1fff80d8                cydelay_freq_hz
 .data.impure_data
                0x1fff80dc       0x60 s:/program files (x86)/cypress/psoc creator/4.4/psoc creator/import/gnu/arm/5.4.1/bin/../lib/gcc/arm-none-eabi/5.4.1/../../../../arm-none-eabi/lib/armv7-m\libg_nano.a(lib_a-impure.o)
 .data._impure_ptr
                0x1fff813c        0x4 s:/program files (x86)/cypress/psoc creator/4.4/psoc creator/import/gnu/arm/5.4.1/bin/../lib/gcc/arm-none-eabi/5.4.1/../../../../arm-none-eabi/lib/armv7-m\libg_nano.a(lib_a-impure.o)
                0x1fff813c                _impure_ptr
                0x1fff8140                . = ALIGN (0x8)
 *(.ram)
                0x1fff8140                _edata = .

.igot.plt       0x1fff8140        0x0 load address 0x00000828
 .igot.plt      0x1fff8140        0x0 s:/program files (x86)/cypress/psoc creator/4.4/psoc creator/import/gnu/arm/5.4.1/bin/../lib/gcc/arm-none-eabi/5.4.1/armv7-m/crtbegin.o

.bss            0x1fff8140       0x20 load address 0x00000828
                0x1fff8140                PROVIDE (__bss_start__, .)
 *(.shbss)
 *(.bss .bss.* .gnu.linkonce.b.*)
 .bss           0x1fff8140       0x1c s:/program files (x86)/cypress/psoc creator/4.4/psoc creator/import/gnu/arm/5.4.1/bin/../lib/gcc/arm-none-eabi/5.4.1/armv7-m/crtbegin.o
 .bss           0x1fff815c        0x1 .\CortexM3\ARM_GCC_541\Debug\Opgave2_SPI_Slave.a(SPI_S.o)
                0x1fff815c                SPI_S_initVar
 .bss           0x1fff815d        0x2 .\CortexM3\ARM_GCC_541\Debug\Opgave2_SPI_Slave.a(UART_CT.o)
                0x1fff815d                UART_CT_initVar
 *(COMMON)
 COMMON         0x1fff815f        0x1 .\CortexM3\ARM_GCC_541\Debug\main.o
                0x1fff815f                DataReceived
                0x1fff8160                . = ALIGN (0x8)
 *(.ram.b)
                0x1fff8160                _end = .
                0x1fff8160                __end = .
                0x1fff8160                PROVIDE (end, .)
                0x1fff8160                PROVIDE (__bss_end__, .)
                0x000007b0                __cy_region_init_ram = LOADADDR (.data)
                0x00000078                __cy_region_init_size_ram = (_edata - ADDR (.data))
                0x00000020                __cy_region_zero_size_ram = (_end - _edata)

.heap           0x1fff8160       0x80 load address 0x00000828
                0x1fff8160                . = _end
                0x1fff81e0                . = (. + 0x80)
 *fill*         0x1fff8160       0x80 
                0x1fff81e0                __cy_heap_limit = .

.stack          0x20007800      0x800
                0x20007800                __cy_stack_limit = .
                0x20008000                . = (. + 0x800)
 *fill*         0x20007800      0x800 
                0x00000001                ASSERT ((__cy_stack_limit >= __cy_heap_limit), region RAM overflowed with stack)
                0x00000000                cy_checksum_exclude_size = (CY_APPL_LOADABLE == 0x1)?SIZEOF (.cy_checksum_exclude):0x0
                0x00000001                ASSERT ((cy_checksum_exclude_size <= CY_CHECKSUM_EXCLUDE_SIZE), CY_BOOT: Section .cy_checksum_exclude size exceedes specified limit.)

.cyloadermeta
 *(.cyloadermeta)

.cyloadablemeta
 *(.cyloadablemeta)

.cyconfigecc    0x80000000      0x580
 *(.cyconfigecc)
 .cyconfigecc   0x80000000      0x580 .\CortexM3\ARM_GCC_541\Debug\cymetadata.o
                0x80000000                cy_meta_configecc

.cycustnvl      0x90000000        0x4
 *(.cycustnvl)
 .cycustnvl     0x90000000        0x4 .\CortexM3\ARM_GCC_541\Debug\cymetadata.o
                0x90000000                cy_meta_custnvl

.cywolatch      0x90100000        0x4
 *(.cywolatch)
 .cywolatch     0x90100000        0x4 .\CortexM3\ARM_GCC_541\Debug\cymetadata.o
                0x90100000                cy_meta_wonvl

.cyeeprom       0x90200000        0x0
 *(.cyeeprom)
                0x00000001                ASSERT ((. <= ((0x90200000 + ee_offset) + ee_size)), .cyeeprom data will not fit in EEPROM)

.cyflashprotect
                0x90400000      0x100
 *(.cyflashprotect)
 .cyflashprotect
                0x90400000      0x100 .\CortexM3\ARM_GCC_541\Debug\cymetadata.o
                0x90400000                cy_meta_flashprotect

.cymeta         0x90500000        0xc
 *(.cymeta)
 .cymeta        0x90500000        0xc .\CortexM3\ARM_GCC_541\Debug\cymetadata.o
                0x90500000                cy_metadata

.rel.dyn        0x00000828        0x0 load address 0x9050000c
 .rel.iplt      0x00000828        0x0 s:/program files (x86)/cypress/psoc creator/4.4/psoc creator/import/gnu/arm/5.4.1/bin/../lib/gcc/arm-none-eabi/5.4.1/armv7-m/crtbegin.o

.stab
 *(.stab)

.stabstr
 *(.stabstr)

.debug
 *(.debug)

.line
 *(.line)

.debug_srcinfo
 *(.debug_srcinfo)

.debug_sfnames
 *(.debug_sfnames)

.debug_aranges  0x00000000      0x898
 *(.debug_aranges)
 .debug_aranges
                0x00000000       0x28 .\CortexM3\ARM_GCC_541\Debug\main.o
 .debug_aranges
                0x00000028       0x28 .\CortexM3\ARM_GCC_541\Debug\CustomPrint.o
 .debug_aranges
                0x00000050       0x58 .\CortexM3\ARM_GCC_541\Debug\cyfitter_cfg.o
 .debug_aranges
                0x000000a8       0x18 .\CortexM3\ARM_GCC_541\Debug\cymetadata.o
 .debug_aranges
                0x000000c0       0x48 .\CortexM3\ARM_GCC_541\Debug\Cm3Start.o
 .debug_aranges
                0x00000108       0xe0 .\CortexM3\ARM_GCC_541\Debug\Opgave2_SPI_Slave.a(SPI_S.o)
 .debug_aranges
                0x000001e8       0x38 .\CortexM3\ARM_GCC_541\Debug\Opgave2_SPI_Slave.a(Pin_SW1.o)
 .debug_aranges
                0x00000220       0x38 .\CortexM3\ARM_GCC_541\Debug\Opgave2_SPI_Slave.a(Pin_LED1.o)
 .debug_aranges
                0x00000258      0x2a0 .\CortexM3\ARM_GCC_541\Debug\Opgave2_SPI_Slave.a(CyLib.o)
 .debug_aranges
                0x000004f8       0x98 .\CortexM3\ARM_GCC_541\Debug\Opgave2_SPI_Slave.a(cyPm.o)
 .debug_aranges
                0x00000590       0x80 .\CortexM3\ARM_GCC_541\Debug\Opgave2_SPI_Slave.a(isr_SPI_rx.o)
 .debug_aranges
                0x00000610       0xf0 .\CortexM3\ARM_GCC_541\Debug\Opgave2_SPI_Slave.a(UART_CT.o)
 .debug_aranges
                0x00000700       0x70 .\CortexM3\ARM_GCC_541\Debug\Opgave2_SPI_Slave.a(UART_CT_IntClock.o)
 .debug_aranges
                0x00000770       0x20 .\CortexM3\ARM_GCC_541\Debug\Opgave2_SPI_Slave.a(CyBootAsmGnu.o)
 .debug_aranges
                0x00000790       0x88 .\CortexM3\ARM_GCC_541\Debug\Opgave2_SPI_Slave.a(CyFlash.o)
 .debug_aranges
                0x00000818       0x80 .\CortexM3\ARM_GCC_541\Debug\Opgave2_SPI_Slave.a(CySpc.o)

.debug_pubnames
 *(.debug_pubnames)

.debug_info     0x00000000     0x4bc1
 *(.debug_info .gnu.linkonce.wi.*)
 .debug_info    0x00000000      0x239 .\CortexM3\ARM_GCC_541\Debug\main.o
 .debug_info    0x00000239      0x2b9 .\CortexM3\ARM_GCC_541\Debug\CustomPrint.o
 .debug_info    0x000004f2      0x594 .\CortexM3\ARM_GCC_541\Debug\cyfitter_cfg.o
 .debug_info    0x00000a86      0x136 .\CortexM3\ARM_GCC_541\Debug\cymetadata.o
 .debug_info    0x00000bbc      0x3bb .\CortexM3\ARM_GCC_541\Debug\Cm3Start.o
 .debug_info    0x00000f77      0x4b9 .\CortexM3\ARM_GCC_541\Debug\Opgave2_SPI_Slave.a(SPI_S.o)
 .debug_info    0x00001430      0x11f .\CortexM3\ARM_GCC_541\Debug\Opgave2_SPI_Slave.a(Pin_SW1.o)
 .debug_info    0x0000154f      0x11f .\CortexM3\ARM_GCC_541\Debug\Opgave2_SPI_Slave.a(Pin_LED1.o)
 .debug_info    0x0000166e     0x1374 .\CortexM3\ARM_GCC_541\Debug\Opgave2_SPI_Slave.a(CyLib.o)
 .debug_info    0x000029e2      0xa2a .\CortexM3\ARM_GCC_541\Debug\Opgave2_SPI_Slave.a(cyPm.o)
 .debug_info    0x0000340c      0x2d2 .\CortexM3\ARM_GCC_541\Debug\Opgave2_SPI_Slave.a(isr_SPI_rx.o)
 .debug_info    0x000036de      0x60c .\CortexM3\ARM_GCC_541\Debug\Opgave2_SPI_Slave.a(UART_CT.o)
 .debug_info    0x00003cea      0x283 .\CortexM3\ARM_GCC_541\Debug\Opgave2_SPI_Slave.a(UART_CT_IntClock.o)
 .debug_info    0x00003f6d       0xb7 .\CortexM3\ARM_GCC_541\Debug\Opgave2_SPI_Slave.a(CyBootAsmGnu.o)
 .debug_info    0x00004024      0x64d .\CortexM3\ARM_GCC_541\Debug\Opgave2_SPI_Slave.a(CyFlash.o)
 .debug_info    0x00004671      0x550 .\CortexM3\ARM_GCC_541\Debug\Opgave2_SPI_Slave.a(CySpc.o)

.debug_abbrev   0x00000000     0x1427
 *(.debug_abbrev)
 .debug_abbrev  0x00000000       0xd9 .\CortexM3\ARM_GCC_541\Debug\main.o
 .debug_abbrev  0x000000d9      0x10d .\CortexM3\ARM_GCC_541\Debug\CustomPrint.o
 .debug_abbrev  0x000001e6      0x20d .\CortexM3\ARM_GCC_541\Debug\cyfitter_cfg.o
 .debug_abbrev  0x000003f3       0x77 .\CortexM3\ARM_GCC_541\Debug\cymetadata.o
 .debug_abbrev  0x0000046a      0x1e8 .\CortexM3\ARM_GCC_541\Debug\Cm3Start.o
 .debug_abbrev  0x00000652      0x146 .\CortexM3\ARM_GCC_541\Debug\Opgave2_SPI_Slave.a(SPI_S.o)
 .debug_abbrev  0x00000798       0x90 .\CortexM3\ARM_GCC_541\Debug\Opgave2_SPI_Slave.a(Pin_SW1.o)
 .debug_abbrev  0x00000828       0x90 .\CortexM3\ARM_GCC_541\Debug\Opgave2_SPI_Slave.a(Pin_LED1.o)
 .debug_abbrev  0x000008b8      0x254 .\CortexM3\ARM_GCC_541\Debug\Opgave2_SPI_Slave.a(CyLib.o)
 .debug_abbrev  0x00000b0c      0x1ab .\CortexM3\ARM_GCC_541\Debug\Opgave2_SPI_Slave.a(cyPm.o)
 .debug_abbrev  0x00000cb7      0x173 .\CortexM3\ARM_GCC_541\Debug\Opgave2_SPI_Slave.a(isr_SPI_rx.o)
 .debug_abbrev  0x00000e2a      0x175 .\CortexM3\ARM_GCC_541\Debug\Opgave2_SPI_Slave.a(UART_CT.o)
 .debug_abbrev  0x00000f9f      0x139 .\CortexM3\ARM_GCC_541\Debug\Opgave2_SPI_Slave.a(UART_CT_IntClock.o)
 .debug_abbrev  0x000010d8       0x14 .\CortexM3\ARM_GCC_541\Debug\Opgave2_SPI_Slave.a(CyBootAsmGnu.o)
 .debug_abbrev  0x000010ec      0x1a7 .\CortexM3\ARM_GCC_541\Debug\Opgave2_SPI_Slave.a(CyFlash.o)
 .debug_abbrev  0x00001293      0x194 .\CortexM3\ARM_GCC_541\Debug\Opgave2_SPI_Slave.a(CySpc.o)

.debug_line     0x00000000     0x22b0
 *(.debug_line)
 .debug_line    0x00000000      0x1c6 .\CortexM3\ARM_GCC_541\Debug\main.o
 .debug_line    0x000001c6      0x23e .\CortexM3\ARM_GCC_541\Debug\CustomPrint.o
 .debug_line    0x00000404      0x1f5 .\CortexM3\ARM_GCC_541\Debug\cyfitter_cfg.o
 .debug_line    0x000005f9      0x141 .\CortexM3\ARM_GCC_541\Debug\cymetadata.o
 .debug_line    0x0000073a      0x234 .\CortexM3\ARM_GCC_541\Debug\Cm3Start.o
 .debug_line    0x0000096e      0x244 .\CortexM3\ARM_GCC_541\Debug\Opgave2_SPI_Slave.a(SPI_S.o)
 .debug_line    0x00000bb2       0x94 .\CortexM3\ARM_GCC_541\Debug\Opgave2_SPI_Slave.a(Pin_SW1.o)
 .debug_line    0x00000c46       0x95 .\CortexM3\ARM_GCC_541\Debug\Opgave2_SPI_Slave.a(Pin_LED1.o)
 .debug_line    0x00000cdb      0x816 .\CortexM3\ARM_GCC_541\Debug\Opgave2_SPI_Slave.a(CyLib.o)
 .debug_line    0x000014f1      0x367 .\CortexM3\ARM_GCC_541\Debug\Opgave2_SPI_Slave.a(cyPm.o)
 .debug_line    0x00001858      0x137 .\CortexM3\ARM_GCC_541\Debug\Opgave2_SPI_Slave.a(isr_SPI_rx.o)
 .debug_line    0x0000198f      0x2c2 .\CortexM3\ARM_GCC_541\Debug\Opgave2_SPI_Slave.a(UART_CT.o)
 .debug_line    0x00001c51      0x17f .\CortexM3\ARM_GCC_541\Debug\Opgave2_SPI_Slave.a(UART_CT_IntClock.o)
 .debug_line    0x00001dd0       0x66 .\CortexM3\ARM_GCC_541\Debug\Opgave2_SPI_Slave.a(CyBootAsmGnu.o)
 .debug_line    0x00001e36      0x21a .\CortexM3\ARM_GCC_541\Debug\Opgave2_SPI_Slave.a(CyFlash.o)
 .debug_line    0x00002050      0x260 .\CortexM3\ARM_GCC_541\Debug\Opgave2_SPI_Slave.a(CySpc.o)

.debug_frame    0x00000000     0x1944
 *(.debug_frame)
 .debug_frame   0x00000000       0x48 .\CortexM3\ARM_GCC_541\Debug\main.o
 .debug_frame   0x00000048       0x68 .\CortexM3\ARM_GCC_541\Debug\CustomPrint.o
 .debug_frame   0x000000b0       0xe4 .\CortexM3\ARM_GCC_541\Debug\cyfitter_cfg.o
 .debug_frame   0x00000194       0xb8 .\CortexM3\ARM_GCC_541\Debug\Cm3Start.o
 .debug_frame   0x0000024c      0x1f8 .\CortexM3\ARM_GCC_541\Debug\Opgave2_SPI_Slave.a(SPI_S.o)
 .debug_frame   0x00000444       0x50 .\CortexM3\ARM_GCC_541\Debug\Opgave2_SPI_Slave.a(Pin_SW1.o)
 .debug_frame   0x00000494       0x50 .\CortexM3\ARM_GCC_541\Debug\Opgave2_SPI_Slave.a(Pin_LED1.o)
 .debug_frame   0x000004e4      0x738 .\CortexM3\ARM_GCC_541\Debug\Opgave2_SPI_Slave.a(CyLib.o)
 .debug_frame   0x00000c1c      0x1f8 .\CortexM3\ARM_GCC_541\Debug\Opgave2_SPI_Slave.a(cyPm.o)
 .debug_frame   0x00000e14      0x104 .\CortexM3\ARM_GCC_541\Debug\Opgave2_SPI_Slave.a(isr_SPI_rx.o)
 .debug_frame   0x00000f18      0x250 .\CortexM3\ARM_GCC_541\Debug\Opgave2_SPI_Slave.a(UART_CT.o)
 .debug_frame   0x00001168       0xe0 .\CortexM3\ARM_GCC_541\Debug\Opgave2_SPI_Slave.a(UART_CT_IntClock.o)
 .debug_frame   0x00001248      0x194 .\CortexM3\ARM_GCC_541\Debug\Opgave2_SPI_Slave.a(CyFlash.o)
 .debug_frame   0x000013dc      0x180 .\CortexM3\ARM_GCC_541\Debug\Opgave2_SPI_Slave.a(CySpc.o)
 .debug_frame   0x0000155c       0x20 s:/program files (x86)/cypress/psoc creator/4.4/psoc creator/import/gnu/arm/5.4.1/bin/../lib/gcc/arm-none-eabi/5.4.1/../../../../arm-none-eabi/lib/armv7-m\libg_nano.a(lib_a-errno.o)
 .debug_frame   0x0000157c       0x28 s:/program files (x86)/cypress/psoc creator/4.4/psoc creator/import/gnu/arm/5.4.1/bin/../lib/gcc/arm-none-eabi/5.4.1/../../../../arm-none-eabi/lib/armv7-m\libg_nano.a(lib_a-exit.o)
 .debug_frame   0x000015a4       0x2c s:/program files (x86)/cypress/psoc creator/4.4/psoc creator/import/gnu/arm/5.4.1/bin/../lib/gcc/arm-none-eabi/5.4.1/../../../../arm-none-eabi/lib/armv7-m\libg_nano.a(lib_a-init.o)
 .debug_frame   0x000015d0       0x28 s:/program files (x86)/cypress/psoc creator/4.4/psoc creator/import/gnu/arm/5.4.1/bin/../lib/gcc/arm-none-eabi/5.4.1/../../../../arm-none-eabi/lib/armv7-m\libg_nano.a(lib_a-memcpy-stub.o)
 .debug_frame   0x000015f8       0x20 s:/program files (x86)/cypress/psoc creator/4.4/psoc creator/import/gnu/arm/5.4.1/bin/../lib/gcc/arm-none-eabi/5.4.1/../../../../arm-none-eabi/lib/armv7-m\libg_nano.a(lib_a-memset.o)
 .debug_frame   0x00001618       0x74 s:/program files (x86)/cypress/psoc creator/4.4/psoc creator/import/gnu/arm/5.4.1/bin/../lib/gcc/arm-none-eabi/5.4.1/../../../../arm-none-eabi/lib/armv7-m\libg_nano.a(lib_a-snprintf.o)
 .debug_frame   0x0000168c       0x90 s:/program files (x86)/cypress/psoc creator/4.4/psoc creator/import/gnu/arm/5.4.1/bin/../lib/gcc/arm-none-eabi/5.4.1/../../../../arm-none-eabi/lib/armv7-m\libg_nano.a(lib_a-nano-svfprintf.o)
 .debug_frame   0x0000171c       0x60 s:/program files (x86)/cypress/psoc creator/4.4/psoc creator/import/gnu/arm/5.4.1/bin/../lib/gcc/arm-none-eabi/5.4.1/../../../../arm-none-eabi/lib/armv7-m\libg_nano.a(lib_a-nano-vfprintf_i.o)
 .debug_frame   0x0000177c       0x28 s:/program files (x86)/cypress/psoc creator/4.4/psoc creator/import/gnu/arm/5.4.1/bin/../lib/gcc/arm-none-eabi/5.4.1/../../../../arm-none-eabi/lib/armv7-m\libg_nano.a(lib_a-memchr-stub.o)
 .debug_frame   0x000017a4       0x28 s:/program files (x86)/cypress/psoc creator/4.4/psoc creator/import/gnu/arm/5.4.1/bin/../lib/gcc/arm-none-eabi/5.4.1/../../../../arm-none-eabi/lib/armv7-m\libg_nano.a(lib_a-memmove.o)
 .debug_frame   0x000017cc       0x38 s:/program files (x86)/cypress/psoc creator/4.4/psoc creator/import/gnu/arm/5.4.1/bin/../lib/gcc/arm-none-eabi/5.4.1/../../../../arm-none-eabi/lib/armv7-m\libg_nano.a(lib_a-nano-freer.o)
 .debug_frame   0x00001804       0x2c s:/program files (x86)/cypress/psoc creator/4.4/psoc creator/import/gnu/arm/5.4.1/bin/../lib/gcc/arm-none-eabi/5.4.1/../../../../arm-none-eabi/lib/armv7-m\libg_nano.a(lib_a-nano-mallocr.o)
 .debug_frame   0x00001830       0x3c s:/program files (x86)/cypress/psoc creator/4.4/psoc creator/import/gnu/arm/5.4.1/bin/../lib/gcc/arm-none-eabi/5.4.1/../../../../arm-none-eabi/lib/armv7-m\libg_nano.a(lib_a-nano-reallocr.o)
 .debug_frame   0x0000186c       0x2c s:/program files (x86)/cypress/psoc creator/4.4/psoc creator/import/gnu/arm/5.4.1/bin/../lib/gcc/arm-none-eabi/5.4.1/../../../../arm-none-eabi/lib/armv7-m\libg_nano.a(lib_a-sbrkr.o)
 .debug_frame   0x00001898       0x30 s:/program files (x86)/cypress/psoc creator/4.4/psoc creator/import/gnu/arm/5.4.1/bin/../lib/gcc/arm-none-eabi/5.4.1/../../../../arm-none-eabi/lib/armv7-m\libg_nano.a(lib_a-mlock.o)
 .debug_frame   0x000018c8       0x20 s:/program files (x86)/cypress/psoc creator/4.4/psoc creator/import/gnu/arm/5.4.1/bin/../lib/gcc/arm-none-eabi/5.4.1/../../../../arm-none-eabi/lib/armv7-m\libg_nano.a(lib_a-nano-msizer.o)
 .debug_frame   0x000018e8       0x5c s:/program files (x86)/cypress/psoc creator/4.4/psoc creator/import/gnu/arm/5.4.1/bin/../lib/gcc/arm-none-eabi/5.4.1/../../../../arm-none-eabi/lib/armv7-m\libg_nano.a(lib_a-reent.o)

.debug_str      0x00000000     0x1c46
 *(.debug_str)
 .debug_str     0x00000000      0x22f .\CortexM3\ARM_GCC_541\Debug\main.o
                                0x27f (size before relaxing)
 .debug_str     0x0000022f       0x54 .\CortexM3\ARM_GCC_541\Debug\CustomPrint.o
                                0x239 (size before relaxing)
 .debug_str     0x00000283      0x1b5 .\CortexM3\ARM_GCC_541\Debug\cyfitter_cfg.o
                                0x36b (size before relaxing)
 .debug_str     0x00000438       0x75 .\CortexM3\ARM_GCC_541\Debug\cymetadata.o
                                0x20b (size before relaxing)
 .debug_str     0x000004ad      0x144 .\CortexM3\ARM_GCC_541\Debug\Cm3Start.o
                                0x331 (size before relaxing)
 .debug_str     0x000005f1      0x273 .\CortexM3\ARM_GCC_541\Debug\Opgave2_SPI_Slave.a(SPI_S.o)
                                0x449 (size before relaxing)
 .debug_str     0x00000864       0x68 .\CortexM3\ARM_GCC_541\Debug\Opgave2_SPI_Slave.a(Pin_SW1.o)
                                0x213 (size before relaxing)
 .debug_str     0x000008cc       0x5b .\CortexM3\ARM_GCC_541\Debug\Opgave2_SPI_Slave.a(Pin_LED1.o)
                                0x218 (size before relaxing)
 .debug_str     0x00000927      0x810 .\CortexM3\ARM_GCC_541\Debug\Opgave2_SPI_Slave.a(CyLib.o)
                                0xa6e (size before relaxing)
 .debug_str     0x00001137      0x365 .\CortexM3\ARM_GCC_541\Debug\Opgave2_SPI_Slave.a(cyPm.o)
                                0x75a (size before relaxing)
 .debug_str     0x0000149c      0x119 .\CortexM3\ARM_GCC_541\Debug\Opgave2_SPI_Slave.a(isr_SPI_rx.o)
                                0x313 (size before relaxing)
 .debug_str     0x000015b5      0x290 .\CortexM3\ARM_GCC_541\Debug\Opgave2_SPI_Slave.a(UART_CT.o)
                                0x4f9 (size before relaxing)
 .debug_str     0x00001845      0x1a1 .\CortexM3\ARM_GCC_541\Debug\Opgave2_SPI_Slave.a(UART_CT_IntClock.o)
                                0x381 (size before relaxing)
 .debug_str     0x000019e6      0x1b4 .\CortexM3\ARM_GCC_541\Debug\Opgave2_SPI_Slave.a(CyFlash.o)
                                0x3e7 (size before relaxing)
 .debug_str     0x00001b9a       0xac .\CortexM3\ARM_GCC_541\Debug\Opgave2_SPI_Slave.a(CySpc.o)
                                0x35f (size before relaxing)

.debug_loc      0x00000000     0x20ff
 *(.debug_loc)
 .debug_loc     0x00000000      0x169 .\CortexM3\ARM_GCC_541\Debug\CustomPrint.o
 .debug_loc     0x00000169      0x259 .\CortexM3\ARM_GCC_541\Debug\cyfitter_cfg.o
 .debug_loc     0x000003c2      0x144 .\CortexM3\ARM_GCC_541\Debug\Cm3Start.o
 .debug_loc     0x00000506       0xf3 .\CortexM3\ARM_GCC_541\Debug\Opgave2_SPI_Slave.a(SPI_S.o)
 .debug_loc     0x000005f9       0x42 .\CortexM3\ARM_GCC_541\Debug\Opgave2_SPI_Slave.a(Pin_SW1.o)
 .debug_loc     0x0000063b       0x42 .\CortexM3\ARM_GCC_541\Debug\Opgave2_SPI_Slave.a(Pin_LED1.o)
 .debug_loc     0x0000067d      0xa11 .\CortexM3\ARM_GCC_541\Debug\Opgave2_SPI_Slave.a(CyLib.o)
 .debug_loc     0x0000108e      0x1e4 .\CortexM3\ARM_GCC_541\Debug\Opgave2_SPI_Slave.a(cyPm.o)
 .debug_loc     0x00001272       0x56 .\CortexM3\ARM_GCC_541\Debug\Opgave2_SPI_Slave.a(isr_SPI_rx.o)
 .debug_loc     0x000012c8      0x258 .\CortexM3\ARM_GCC_541\Debug\Opgave2_SPI_Slave.a(UART_CT.o)
 .debug_loc     0x00001520      0x128 .\CortexM3\ARM_GCC_541\Debug\Opgave2_SPI_Slave.a(UART_CT_IntClock.o)
 .debug_loc     0x00001648      0x3b2 .\CortexM3\ARM_GCC_541\Debug\Opgave2_SPI_Slave.a(CyFlash.o)
 .debug_loc     0x000019fa      0x705 .\CortexM3\ARM_GCC_541\Debug\Opgave2_SPI_Slave.a(CySpc.o)

.debug_macinfo
 *(.debug_macinfo)

.debug_ranges   0x00000000      0x780
 *(.debug_ranges)
 .debug_ranges  0x00000000       0x18 .\CortexM3\ARM_GCC_541\Debug\main.o
 .debug_ranges  0x00000018       0x18 .\CortexM3\ARM_GCC_541\Debug\CustomPrint.o
 .debug_ranges  0x00000030       0x48 .\CortexM3\ARM_GCC_541\Debug\cyfitter_cfg.o
 .debug_ranges  0x00000078       0x38 .\CortexM3\ARM_GCC_541\Debug\Cm3Start.o
 .debug_ranges  0x000000b0       0xd0 .\CortexM3\ARM_GCC_541\Debug\Opgave2_SPI_Slave.a(SPI_S.o)
 .debug_ranges  0x00000180       0x28 .\CortexM3\ARM_GCC_541\Debug\Opgave2_SPI_Slave.a(Pin_SW1.o)
 .debug_ranges  0x000001a8       0x28 .\CortexM3\ARM_GCC_541\Debug\Opgave2_SPI_Slave.a(Pin_LED1.o)
 .debug_ranges  0x000001d0      0x290 .\CortexM3\ARM_GCC_541\Debug\Opgave2_SPI_Slave.a(CyLib.o)
 .debug_ranges  0x00000460       0x88 .\CortexM3\ARM_GCC_541\Debug\Opgave2_SPI_Slave.a(cyPm.o)
 .debug_ranges  0x000004e8       0x70 .\CortexM3\ARM_GCC_541\Debug\Opgave2_SPI_Slave.a(isr_SPI_rx.o)
 .debug_ranges  0x00000558       0xe0 .\CortexM3\ARM_GCC_541\Debug\Opgave2_SPI_Slave.a(UART_CT.o)
 .debug_ranges  0x00000638       0x60 .\CortexM3\ARM_GCC_541\Debug\Opgave2_SPI_Slave.a(UART_CT_IntClock.o)
 .debug_ranges  0x00000698       0x78 .\CortexM3\ARM_GCC_541\Debug\Opgave2_SPI_Slave.a(CyFlash.o)
 .debug_ranges  0x00000710       0x70 .\CortexM3\ARM_GCC_541\Debug\Opgave2_SPI_Slave.a(CySpc.o)

.comment        0x00000000       0x6e
 .comment       0x00000000       0x6e .\CortexM3\ARM_GCC_541\Debug\main.o
                                 0x6f (size before relaxing)
 .comment       0x0000006e       0x6f .\CortexM3\ARM_GCC_541\Debug\CustomPrint.o
 .comment       0x0000006e       0x6f .\CortexM3\ARM_GCC_541\Debug\cyfitter_cfg.o
 .comment       0x0000006e       0x6f .\CortexM3\ARM_GCC_541\Debug\cymetadata.o
 .comment       0x0000006e       0x6f .\CortexM3\ARM_GCC_541\Debug\Cm3Start.o
 .comment       0x0000006e       0x6f .\CortexM3\ARM_GCC_541\Debug\Opgave2_SPI_Slave.a(SPI_S.o)
 .comment       0x0000006e       0x6f .\CortexM3\ARM_GCC_541\Debug\Opgave2_SPI_Slave.a(Pin_SW1.o)
 .comment       0x0000006e       0x6f .\CortexM3\ARM_GCC_541\Debug\Opgave2_SPI_Slave.a(Pin_LED1.o)
 .comment       0x0000006e       0x6f .\CortexM3\ARM_GCC_541\Debug\Opgave2_SPI_Slave.a(CyLib.o)
 .comment       0x0000006e       0x6f .\CortexM3\ARM_GCC_541\Debug\Opgave2_SPI_Slave.a(cyPm.o)
 .comment       0x0000006e       0x6f .\CortexM3\ARM_GCC_541\Debug\Opgave2_SPI_Slave.a(isr_SPI_rx.o)
 .comment       0x0000006e       0x6f .\CortexM3\ARM_GCC_541\Debug\Opgave2_SPI_Slave.a(UART_CT.o)
 .comment       0x0000006e       0x6f .\CortexM3\ARM_GCC_541\Debug\Opgave2_SPI_Slave.a(UART_CT_IntClock.o)
 .comment       0x0000006e       0x6f .\CortexM3\ARM_GCC_541\Debug\Opgave2_SPI_Slave.a(CyFlash.o)
 .comment       0x0000006e       0x6f .\CortexM3\ARM_GCC_541\Debug\Opgave2_SPI_Slave.a(CySpc.o)

.debug_weaknames
 *(.debug_weaknames)

.debug_funcnames
 *(.debug_funcnames)

.debug_typenames
 *(.debug_typenames)

.debug_varnames
 *(.debug_varnames)

.note.gnu.arm.ident
 *(.note.gnu.arm.ident)

.ARM.attributes
                0x00000000       0x29
 *(.ARM.attributes)
 .ARM.attributes
                0x00000000       0x1d s:/program files (x86)/cypress/psoc creator/4.4/psoc creator/import/gnu/arm/5.4.1/bin/../lib/gcc/arm-none-eabi/5.4.1/armv7-m/crti.o
 .ARM.attributes
                0x0000001d       0x2d s:/program files (x86)/cypress/psoc creator/4.4/psoc creator/import/gnu/arm/5.4.1/bin/../lib/gcc/arm-none-eabi/5.4.1/armv7-m/crtbegin.o
 .ARM.attributes
                0x0000004a       0x1b s:/program files (x86)/cypress/psoc creator/4.4/psoc creator/import/gnu/arm/5.4.1/bin/../lib/gcc/arm-none-eabi/5.4.1/../../../../arm-none-eabi/lib/armv7-m/crt0.o
 .ARM.attributes
                0x00000065       0x33 .\CortexM3\ARM_GCC_541\Debug\main.o
 .ARM.attributes
                0x00000098       0x33 .\CortexM3\ARM_GCC_541\Debug\CustomPrint.o
 .ARM.attributes
                0x000000cb       0x33 .\CortexM3\ARM_GCC_541\Debug\cyfitter_cfg.o
 .ARM.attributes
                0x000000fe       0x33 .\CortexM3\ARM_GCC_541\Debug\cymetadata.o
 .ARM.attributes
                0x00000131       0x33 .\CortexM3\ARM_GCC_541\Debug\Cm3Start.o
 .ARM.attributes
                0x00000164       0x33 .\CortexM3\ARM_GCC_541\Debug\Opgave2_SPI_Slave.a(SPI_S.o)
 .ARM.attributes
                0x00000197       0x33 .\CortexM3\ARM_GCC_541\Debug\Opgave2_SPI_Slave.a(Pin_SW1.o)
 .ARM.attributes
                0x000001ca       0x33 .\CortexM3\ARM_GCC_541\Debug\Opgave2_SPI_Slave.a(Pin_LED1.o)
 .ARM.attributes
                0x000001fd       0x33 .\CortexM3\ARM_GCC_541\Debug\Opgave2_SPI_Slave.a(CyLib.o)
 .ARM.attributes
                0x00000230       0x33 .\CortexM3\ARM_GCC_541\Debug\Opgave2_SPI_Slave.a(cyPm.o)
 .ARM.attributes
                0x00000263       0x33 .\CortexM3\ARM_GCC_541\Debug\Opgave2_SPI_Slave.a(isr_SPI_rx.o)
 .ARM.attributes
                0x00000296       0x33 .\CortexM3\ARM_GCC_541\Debug\Opgave2_SPI_Slave.a(UART_CT.o)
 .ARM.attributes
                0x000002c9       0x33 .\CortexM3\ARM_GCC_541\Debug\Opgave2_SPI_Slave.a(UART_CT_IntClock.o)
 .ARM.attributes
                0x000002fc       0x21 .\CortexM3\ARM_GCC_541\Debug\Opgave2_SPI_Slave.a(CyBootAsmGnu.o)
 .ARM.attributes
                0x0000031d       0x33 .\CortexM3\ARM_GCC_541\Debug\Opgave2_SPI_Slave.a(CyFlash.o)
 .ARM.attributes
                0x00000350       0x33 .\CortexM3\ARM_GCC_541\Debug\Opgave2_SPI_Slave.a(CySpc.o)
 .ARM.attributes
                0x00000383       0x1d s:/program files (x86)/cypress/psoc creator/4.4/psoc creator/import/gnu/arm/5.4.1/bin/../lib/gcc/arm-none-eabi/5.4.1/armv7-m\libgcc.a(_arm_addsubdf3.o)
 .ARM.attributes
                0x000003a0       0x2d s:/program files (x86)/cypress/psoc creator/4.4/psoc creator/import/gnu/arm/5.4.1/bin/../lib/gcc/arm-none-eabi/5.4.1/../../../../arm-none-eabi/lib/armv7-m\libg_nano.a(lib_a-errno.o)
 .ARM.attributes
                0x000003cd       0x2d s:/program files (x86)/cypress/psoc creator/4.4/psoc creator/import/gnu/arm/5.4.1/bin/../lib/gcc/arm-none-eabi/5.4.1/../../../../arm-none-eabi/lib/armv7-m\libg_nano.a(lib_a-exit.o)
 .ARM.attributes
                0x000003fa       0x2d s:/program files (x86)/cypress/psoc creator/4.4/psoc creator/import/gnu/arm/5.4.1/bin/../lib/gcc/arm-none-eabi/5.4.1/../../../../arm-none-eabi/lib/armv7-m\libg_nano.a(lib_a-impure.o)
 .ARM.attributes
                0x00000427       0x2d s:/program files (x86)/cypress/psoc creator/4.4/psoc creator/import/gnu/arm/5.4.1/bin/../lib/gcc/arm-none-eabi/5.4.1/../../../../arm-none-eabi/lib/armv7-m\libg_nano.a(lib_a-init.o)
 .ARM.attributes
                0x00000454       0x2d s:/program files (x86)/cypress/psoc creator/4.4/psoc creator/import/gnu/arm/5.4.1/bin/../lib/gcc/arm-none-eabi/5.4.1/../../../../arm-none-eabi/lib/armv7-m\libg_nano.a(lib_a-memcpy-stub.o)
 .ARM.attributes
                0x00000481       0x2d s:/program files (x86)/cypress/psoc creator/4.4/psoc creator/import/gnu/arm/5.4.1/bin/../lib/gcc/arm-none-eabi/5.4.1/../../../../arm-none-eabi/lib/armv7-m\libg_nano.a(lib_a-memset.o)
 .ARM.attributes
                0x000004ae       0x2d s:/program files (x86)/cypress/psoc creator/4.4/psoc creator/import/gnu/arm/5.4.1/bin/../lib/gcc/arm-none-eabi/5.4.1/../../../../arm-none-eabi/lib/armv7-m\libg_nano.a(lib_a-snprintf.o)
 .ARM.attributes
                0x000004db       0x2d s:/program files (x86)/cypress/psoc creator/4.4/psoc creator/import/gnu/arm/5.4.1/bin/../lib/gcc/arm-none-eabi/5.4.1/../../../../arm-none-eabi/lib/armv7-m\libg_nano.a(lib_a-nano-svfprintf.o)
 .ARM.attributes
                0x00000508       0x2d s:/program files (x86)/cypress/psoc creator/4.4/psoc creator/import/gnu/arm/5.4.1/bin/../lib/gcc/arm-none-eabi/5.4.1/../../../../arm-none-eabi/lib/armv7-m\libg_nano.a(lib_a-nano-vfprintf_i.o)
 .ARM.attributes
                0x00000535       0x2d s:/program files (x86)/cypress/psoc creator/4.4/psoc creator/import/gnu/arm/5.4.1/bin/../lib/gcc/arm-none-eabi/5.4.1/../../../../arm-none-eabi/lib/armv7-m\libg_nano.a(lib_a-memchr-stub.o)
 .ARM.attributes
                0x00000562       0x2d s:/program files (x86)/cypress/psoc creator/4.4/psoc creator/import/gnu/arm/5.4.1/bin/../lib/gcc/arm-none-eabi/5.4.1/../../../../arm-none-eabi/lib/armv7-m\libg_nano.a(lib_a-memmove.o)
 .ARM.attributes
                0x0000058f       0x2d s:/program files (x86)/cypress/psoc creator/4.4/psoc creator/import/gnu/arm/5.4.1/bin/../lib/gcc/arm-none-eabi/5.4.1/../../../../arm-none-eabi/lib/armv7-m\libg_nano.a(lib_a-nano-freer.o)
 .ARM.attributes
                0x000005bc       0x2d s:/program files (x86)/cypress/psoc creator/4.4/psoc creator/import/gnu/arm/5.4.1/bin/../lib/gcc/arm-none-eabi/5.4.1/../../../../arm-none-eabi/lib/armv7-m\libg_nano.a(lib_a-nano-mallocr.o)
 .ARM.attributes
                0x000005e9       0x2d s:/program files (x86)/cypress/psoc creator/4.4/psoc creator/import/gnu/arm/5.4.1/bin/../lib/gcc/arm-none-eabi/5.4.1/../../../../arm-none-eabi/lib/armv7-m\libg_nano.a(lib_a-nano-reallocr.o)
 .ARM.attributes
                0x00000616       0x2d s:/program files (x86)/cypress/psoc creator/4.4/psoc creator/import/gnu/arm/5.4.1/bin/../lib/gcc/arm-none-eabi/5.4.1/../../../../arm-none-eabi/lib/armv7-m\libg_nano.a(lib_a-sbrkr.o)
 .ARM.attributes
                0x00000643       0x2d s:/program files (x86)/cypress/psoc creator/4.4/psoc creator/import/gnu/arm/5.4.1/bin/../lib/gcc/arm-none-eabi/5.4.1/../../../../arm-none-eabi/lib/armv7-m\libg_nano.a(lib_a-mlock.o)
 .ARM.attributes
                0x00000670       0x2d s:/program files (x86)/cypress/psoc creator/4.4/psoc creator/import/gnu/arm/5.4.1/bin/../lib/gcc/arm-none-eabi/5.4.1/../../../../arm-none-eabi/lib/armv7-m\libg_nano.a(lib_a-nano-msizer.o)
 .ARM.attributes
                0x0000069d       0x2d s:/program files (x86)/cypress/psoc creator/4.4/psoc creator/import/gnu/arm/5.4.1/bin/../lib/gcc/arm-none-eabi/5.4.1/../../../../arm-none-eabi/lib/armv7-m\libg_nano.a(lib_a-reent.o)
 .ARM.attributes
                0x000006ca       0x2d s:/program files (x86)/cypress/psoc creator/4.4/psoc creator/import/gnu/arm/5.4.1/bin/../lib/gcc/arm-none-eabi/5.4.1/armv7-m/crtend.o
 .ARM.attributes
                0x000006f7       0x1d s:/program files (x86)/cypress/psoc creator/4.4/psoc creator/import/gnu/arm/5.4.1/bin/../lib/gcc/arm-none-eabi/5.4.1/armv7-m/crtn.o

/DISCARD/
 *(.note.GNU-stack)
OUTPUT(G:\My Drive\AU\SW\2semester\GFV\210929 ComBusses pt2\GFVAflevering2\Project\Lab2\Opgave2_SPI_Slave.cydsn\CortexM3\ARM_GCC_541\Debug\Opgave2_SPI_Slave.elf elf32-littlearm)
